Archive member included to satisfy reference by file (symbol)

D:/Program_Files/stm32cubeide/STM32CubeIDE_1.19.0/STM32CubeIDE/plugins/com.st.stm32cube.ide.mcu.externaltools.gnu-tools-for-stm32.13.3.rel1.win32_1.0.0.202411081344/tools/bin/../lib/gcc/arm-none-eabi/13.3.1/../../../../arm-none-eabi/lib/thumb/v7e-m+fp/hard\libc_nano.a(libc_a-exit.o)
                              D:/Program_Files/stm32cubeide/STM32CubeIDE_1.19.0/STM32CubeIDE/plugins/com.st.stm32cube.ide.mcu.externaltools.gnu-tools-for-stm32.13.3.rel1.win32_1.0.0.202411081344/tools/bin/../lib/gcc/arm-none-eabi/13.3.1/../../../../arm-none-eabi/lib/thumb/v7e-m+fp/hard/crt0.o (exit)
D:/Program_Files/stm32cubeide/STM32CubeIDE_1.19.0/STM32CubeIDE/plugins/com.st.stm32cube.ide.mcu.externaltools.gnu-tools-for-stm32.13.3.rel1.win32_1.0.0.202411081344/tools/bin/../lib/gcc/arm-none-eabi/13.3.1/../../../../arm-none-eabi/lib/thumb/v7e-m+fp/hard\libc_nano.a(libc_a-findfp.o)
                              D:/Program_Files/stm32cubeide/STM32CubeIDE_1.19.0/STM32CubeIDE/plugins/com.st.stm32cube.ide.mcu.externaltools.gnu-tools-for-stm32.13.3.rel1.win32_1.0.0.202411081344/tools/bin/../lib/gcc/arm-none-eabi/13.3.1/../../../../arm-none-eabi/lib/thumb/v7e-m+fp/hard\libc_nano.a(libc_a-exit.o) (__stdio_exit_handler)
D:/Program_Files/stm32cubeide/STM32CubeIDE_1.19.0/STM32CubeIDE/plugins/com.st.stm32cube.ide.mcu.externaltools.gnu-tools-for-stm32.13.3.rel1.win32_1.0.0.202411081344/tools/bin/../lib/gcc/arm-none-eabi/13.3.1/../../../../arm-none-eabi/lib/thumb/v7e-m+fp/hard\libc_nano.a(libc_a-fwalk.o)
                              D:/Program_Files/stm32cubeide/STM32CubeIDE_1.19.0/STM32CubeIDE/plugins/com.st.stm32cube.ide.mcu.externaltools.gnu-tools-for-stm32.13.3.rel1.win32_1.0.0.202411081344/tools/bin/../lib/gcc/arm-none-eabi/13.3.1/../../../../arm-none-eabi/lib/thumb/v7e-m+fp/hard\libc_nano.a(libc_a-findfp.o) (_fwalk_sglue)
D:/Program_Files/stm32cubeide/STM32CubeIDE_1.19.0/STM32CubeIDE/plugins/com.st.stm32cube.ide.mcu.externaltools.gnu-tools-for-stm32.13.3.rel1.win32_1.0.0.202411081344/tools/bin/../lib/gcc/arm-none-eabi/13.3.1/../../../../arm-none-eabi/lib/thumb/v7e-m+fp/hard\libc_nano.a(libc_a-sprintf.o)
                              ./Core/Src/main.o (sprintf)
D:/Program_Files/stm32cubeide/STM32CubeIDE_1.19.0/STM32CubeIDE/plugins/com.st.stm32cube.ide.mcu.externaltools.gnu-tools-for-stm32.13.3.rel1.win32_1.0.0.202411081344/tools/bin/../lib/gcc/arm-none-eabi/13.3.1/../../../../arm-none-eabi/lib/thumb/v7e-m+fp/hard\libc_nano.a(libc_a-stdio.o)
                              D:/Program_Files/stm32cubeide/STM32CubeIDE_1.19.0/STM32CubeIDE/plugins/com.st.stm32cube.ide.mcu.externaltools.gnu-tools-for-stm32.13.3.rel1.win32_1.0.0.202411081344/tools/bin/../lib/gcc/arm-none-eabi/13.3.1/../../../../arm-none-eabi/lib/thumb/v7e-m+fp/hard\libc_nano.a(libc_a-findfp.o) (__sread)
D:/Program_Files/stm32cubeide/STM32CubeIDE_1.19.0/STM32CubeIDE/plugins/com.st.stm32cube.ide.mcu.externaltools.gnu-tools-for-stm32.13.3.rel1.win32_1.0.0.202411081344/tools/bin/../lib/gcc/arm-none-eabi/13.3.1/../../../../arm-none-eabi/lib/thumb/v7e-m+fp/hard\libc_nano.a(libc_a-vsnprintf.o)
                              ./Core/Src/main.o (vsnprintf)
D:/Program_Files/stm32cubeide/STM32CubeIDE_1.19.0/STM32CubeIDE/plugins/com.st.stm32cube.ide.mcu.externaltools.gnu-tools-for-stm32.13.3.rel1.win32_1.0.0.202411081344/tools/bin/../lib/gcc/arm-none-eabi/13.3.1/../../../../arm-none-eabi/lib/thumb/v7e-m+fp/hard\libc_nano.a(libc_a-memset.o)
                              D:/Program_Files/stm32cubeide/STM32CubeIDE_1.19.0/STM32CubeIDE/plugins/com.st.stm32cube.ide.mcu.externaltools.gnu-tools-for-stm32.13.3.rel1.win32_1.0.0.202411081344/tools/bin/../lib/gcc/arm-none-eabi/13.3.1/../../../../arm-none-eabi/lib/thumb/v7e-m+fp/hard/crt0.o (memset)
D:/Program_Files/stm32cubeide/STM32CubeIDE_1.19.0/STM32CubeIDE/plugins/com.st.stm32cube.ide.mcu.externaltools.gnu-tools-for-stm32.13.3.rel1.win32_1.0.0.202411081344/tools/bin/../lib/gcc/arm-none-eabi/13.3.1/../../../../arm-none-eabi/lib/thumb/v7e-m+fp/hard\libc_nano.a(libc_a-closer.o)
                              D:/Program_Files/stm32cubeide/STM32CubeIDE_1.19.0/STM32CubeIDE/plugins/com.st.stm32cube.ide.mcu.externaltools.gnu-tools-for-stm32.13.3.rel1.win32_1.0.0.202411081344/tools/bin/../lib/gcc/arm-none-eabi/13.3.1/../../../../arm-none-eabi/lib/thumb/v7e-m+fp/hard\libc_nano.a(libc_a-stdio.o) (_close_r)
D:/Program_Files/stm32cubeide/STM32CubeIDE_1.19.0/STM32CubeIDE/plugins/com.st.stm32cube.ide.mcu.externaltools.gnu-tools-for-stm32.13.3.rel1.win32_1.0.0.202411081344/tools/bin/../lib/gcc/arm-none-eabi/13.3.1/../../../../arm-none-eabi/lib/thumb/v7e-m+fp/hard\libc_nano.a(libc_a-reent.o)
[...]
Memory Configuration

Name             Origin             Length             Attributes
RAM              0x20000000         0x00020000         xrw
FLASH            0x08000000         0x00080000         xr
*default*        0x00000000         0xffffffff

Linker script and memory map

LOAD D:/Program_Files/stm32cubeide/STM32CubeIDE_1.19.0/STM32CubeIDE/plugins/com.st.stm32cube.ide.mcu.externaltools.gnu-tools-for-stm32.13.3.rel1.win32_1.0.0.202411081344/tools/bin/../lib/gcc/arm-none-eabi/13.3.1/thumb/v7e-m+fp/hard/crti.o
LOAD D:/Program_Files/stm32cubeide/STM32CubeIDE_1.19.0/STM32CubeIDE/plugins/com.st.stm32cube.ide.mcu.externaltools.gnu-tools-for-stm32.13.3.rel1.win32_1.0.0.202411081344/tools/bin/../lib/gcc/arm-none-eabi/13.3.1/thumb/v7e-m+fp/hard/crtbegin.o
LOAD D:/Program_Files/stm32cubeide/STM32CubeIDE_1.19.0/STM32CubeIDE/plugins/com.st.stm32cube.ide.mcu.externaltools.gnu-tools-for-stm32.13.3.rel1.win32_1.0.0.202411081344/tools/bin/../lib/gcc/arm-none-eabi/13.3.1/../../../../arm-none-eabi/lib/thumb/v7e-m+fp/hard/crt0.o
LOAD ./Core/Src/i2c-lcd.o
LOAD ./Core/Src/main.o
LOAD ./Core/Src/stm32f4xx_hal_msp.o
LOAD ./Core/Src/stm32f4xx_it.o
LOAD ./Core/Src/syscalls.o
LOAD ./Core/Src/sysmem.o
LOAD ./Core/Src/system_stm32f4xx.o
LOAD ./Core/Startup/startup_stm32f446retx.o
LOAD ./Drivers/STM32F4xx_HAL_Driver/Src/stm32f4xx_hal.o
LOAD ./Drivers/STM32F4xx_HAL_Driver/Src/stm32f4xx_hal_adc.o
LOAD ./Drivers/STM32F4xx_HAL_Driver/Src/stm32f4xx_hal_adc_ex.o
LOAD ./Drivers/STM32F4xx_HAL_Driver/Src/stm32f4xx_hal_can.o
LOAD ./Drivers/STM32F4xx_HAL_Driver/Src/stm32f4xx_hal_cortex.o
LOAD ./Drivers/STM32F4xx_HAL_Driver/Src/stm32f4xx_hal_dma.o
LOAD ./Drivers/STM32F4xx_HAL_Driver/Src/stm32f4xx_hal_dma_ex.o
LOAD ./Drivers/STM32F4xx_HAL_Driver/Src/stm32f4xx_hal_exti.o
LOAD ./Drivers/STM32F4xx_HAL_Driver/Src/stm32f4xx_hal_flash.o
LOAD ./Drivers/STM32F4xx_HAL_Driver/Src/stm32f4xx_hal_flash_ex.o
LOAD ./Drivers/STM32F4xx_HAL_Driver/Src/stm32f4xx_hal_flash_ramfunc.o
LOAD ./Drivers/STM32F4xx_HAL_Driver/Src/stm32f4xx_hal_gpio.o
LOAD ./Drivers/STM32F4xx_HAL_Driver/Src/stm32f4xx_hal_i2c.o
LOAD ./Drivers/STM32F4xx_HAL_Driver/Src/stm32f4xx_hal_i2c_ex.o
LOAD ./Drivers/STM32F4xx_HAL_Driver/Src/stm32f4xx_hal_pwr.o
LOAD ./Drivers/STM32F4xx_HAL_Driver/Src/stm32f4xx_hal_pwr_ex.o
LOAD ./Drivers/STM32F4xx_HAL_Driver/Src/stm32f4xx_hal_rcc.o
LOAD ./Drivers/STM32F4xx_HAL_Driver/Src/stm32f4xx_hal_rcc_ex.o
LOAD ./Drivers/STM32F4xx_HAL_Driver/Src/stm32f4xx_hal_uart.o
LOAD ./Drivers/STM32F4xx_HAL_Driver/Src/stm32f4xx_ll_adc.o
START GROUP
LOAD D:/Program_Files/stm32cubeide/STM32CubeIDE_1.19.0/STM32CubeIDE/plugins/com.st.stm32cube.ide.mcu.externaltools.gnu-tools-for-stm32.13.3.rel1.win32_1.0.0.202411081344/tools/bin/../lib/gcc/arm-none-eabi/13.3.1/../../../../arm-none-eabi/lib/thumb/v7e-m+fp/hard\libc_nano.a
LOAD D:/Program_Files/stm32cubeide/STM32CubeIDE_1.19.0/STM32CubeIDE/plugins/com.st.stm32cube.ide.mcu.externaltools.gnu-tools-for-stm32.13.3.rel1.win32_1.0.0.202411081344/tools/bin/../lib/gcc/arm-none-eabi/13.3.1/../../../../arm-none-eabi/lib/thumb/v7e-m+fp/hard\libm.a
END GROUP
START GROUP
LOAD D:/Program_Files/stm32cubeide/STM32CubeIDE_1.19.0/STM32CubeIDE/plugins/com.st.stm32cube.ide.mcu.externaltools.gnu-tools-for-stm32.13.3.rel1.win32_1.0.0.202411081344/tools/bin/../lib/gcc/arm-none-eabi/13.3.1/thumb/v7e-m+fp/hard\libgcc.a
LOAD D:/Program_Files/stm32cubeide/STM32CubeIDE_1.19.0/STM32CubeIDE/plugins/com.st.stm32cube.ide.mcu.externaltools.gnu-tools-for-stm32.13.3.rel1.win32_1.0.0.202411081344/tools/bin/../lib/gcc/arm-none-eabi/13.3.1/../../../../arm-none-eabi/lib/thumb/v7e-m+fp/hard\libc_nano.a
END GROUP
START GROUP
LOAD D:/Program_Files/stm32cubeide/STM32CubeIDE_1.19.0/STM32CubeIDE/plugins/com.st.stm32cube.ide.mcu.externaltools.gnu-tools-for-stm32.13.3.rel1.win32_1.0.0.202411081344/tools/bin/../lib/gcc/arm-none-eabi/13.3.1/thumb/v7e-m+fp/hard\libgcc.a
LOAD D:/Program_Files/stm32cubeide/STM32CubeIDE_1.19.0/STM32CubeIDE/plugins/com.st.stm32cube.ide.mcu.externaltools.gnu-tools-for-stm32.13.3.rel1.win32_1.0.0.202411081344/tools/bin/../lib/gcc/arm-none-eabi/13.3.1/../../../../arm-none-eabi/lib/thumb/v7e-m+fp/hard\libc_nano.a
LOAD D:/Program_Files/stm32cubeide/STM32CubeIDE_1.19.0/STM32CubeIDE/plugins/com.st.stm32cube.ide.mcu.externaltools.gnu-tools-for-stm32.13.3.rel1.win32_1.0.0.202411081344/tools/bin/../lib/gcc/arm-none-eabi/13.3.1/../../../../arm-none-eabi/lib/thumb/v7e-m+fp/hard\libnosys.a
END GROUP
START GROUP
LOAD D:/Program_Files/stm32cubeide/STM32CubeIDE_1.19.0/STM32CubeIDE/plugins/com.st.stm32cube.ide.mcu.externaltools.gnu-tools-for-stm32.13.3.rel1.win32_1.0.0.202411081344/tools/bin/../lib/gcc/arm-none-eabi/13.3.1/thumb/v7e-m+fp/hard\libgcc.a
LOAD D:/Program_Files/stm32cubeide/STM32CubeIDE_1.19.0/STM32CubeIDE/plugins/com.st.stm32cube.ide.mcu.externaltools.gnu-tools-for-stm32.13.3.rel1.win32_1.0.0.202411081344/tools/bin/../lib/gcc/arm-none-eabi/13.3.1/../../../../arm-none-eabi/lib/thumb/v7e-m+fp/hard\libc_nano.a
LOAD D:/Program_Files/stm32cubeide/STM32CubeIDE_1.19.0/STM32CubeIDE/plugins/com.st.stm32cube.ide.mcu.externaltools.gnu-tools-for-stm32.13.3.rel1.win32_1.0.0.202411081344/tools/bin/../lib/gcc/arm-none-eabi/13.3.1/../../../../arm-none-eabi/lib/thumb/v7e-m+fp/hard\libnosys.a
END GROUP
LOAD D:/Program_Files/stm32cubeide/STM32CubeIDE_1.19.0/STM32CubeIDE/plugins/com.st.stm32cube.ide.mcu.externaltools.gnu-tools-for-stm32.13.3.rel1.win32_1.0.0.202411081344/tools/bin/../lib/gcc/arm-none-eabi/13.3.1/thumb/v7e-m+fp/hard/crtend.o
LOAD D:/Program_Files/stm32cubeide/STM32CubeIDE_1.19.0/STM32CubeIDE/plugins/com.st.stm32cube.ide.mcu.externaltools.gnu-tools-for-stm32.13.3.rel1.win32_1.0.0.202411081344/tools/bin/../lib/gcc/arm-none-eabi/13.3.1/thumb/v7e-m+fp/hard/crtn.o
                0x20020000                        _estack = (ORIGIN (RAM) + LENGTH (RAM))
                0x00000200                        _Min_Heap_Size = 0x200
                0x00000400                        _Min_Stack_Size = 0x400

.isr_vector     0x08000000      0x1c4
                0x08000000                        . = ALIGN (0x4)
 *(.isr_vector)
 .isr_vector    0x08000000      0x1c4 ./Core/Startup/startup_stm32f446retx.o
                0x08000000                g_pfnVectors
                0x080001c4                        . = ALIGN (0x4)

.text           0x080001d0     0x5a40
                0x080001d0                        . = ALIGN (0x4)
 *(.text)
 .text          0x080001d0       0x40 D:/Program_Files/stm32cubeide/STM32CubeIDE_1.19.0/STM32CubeIDE/plugins/com.st.stm32cube.ide.mcu.externaltools.gnu-tools-for-stm32.13.3.rel1.win32_1.0.0.202411081344/tools/bin/../lib/gcc/arm-none-eabi/13.3.1/thumb/v7e-m+fp/hard/crtbegin.o
 .text          0x08000210       0x10 D:/Program_Files/stm32cubeide/STM32CubeIDE_1.19.0/STM32CubeIDE/plugins/com.st.stm32cube.ide.mcu.externaltools.gnu-tools-for-stm32.13.3.rel1.win32_1.0.0.202411081344/tools/bin/../lib/gcc/arm-none-eabi/13.3.1/../../../../arm-none-eabi/lib/thumb/v7e-m+fp/hard\libc_nano.a(libc_a-strlen.o)
                0x08000210                strlen
 .text          0x08000220       0xa0 D:/Program_Files/stm32cubeide/STM32CubeIDE_1.19.0/STM32CubeIDE/plugins/com.st.stm32cube.ide.mcu.externaltools.gnu-tools-for-stm32.13.3.rel1.win32_1.0.0.202411081344/tools/bin/../lib/gcc/arm-none-eabi/13.3.1/../../../../arm-none-eabi/lib/thumb/v7e-m+fp/hard\libc_nano.a(libc_a-memchr.o)
                0x08000220                memchr
 .text          0x080002c0       0x30 D:/Program_Files/stm32cubeide/STM32CubeIDE_1.19.0/STM32CubeIDE/plugins/com.st.stm32cube.ide.mcu.externaltools.gnu-tools-for-stm32.13.3.rel1.win32_1.0.0.202411081344/tools/bin/../lib/gcc/arm-none-eabi/13.3.1/thumb/v7e-m+fp/hard\libgcc.a(_aeabi_uldivmod.o)
                0x080002c0                __aeabi_uldivmod
 .text          0x080002f0      0x2f8 D:/Program_Files/stm32cubeide/STM32CubeIDE_1.19.0/STM32CubeIDE/plugins/com.st.stm32cube.ide.mcu.externaltools.gnu-tools-for-stm32.13.3.rel1.win32_1.0.0.202411081344/tools/bin/../lib/gcc/arm-none-eabi/13.3.1/thumb/v7e-m+fp/hard\libgcc.a(_udivmoddi4.o)
                0x080002f0                __udivmoddi4
 .text          0x080005e8        0x4 D:/Program_Files/stm32cubeide/STM32CubeIDE_1.19.0/STM32CubeIDE/plugins/com.st.stm32cube.ide.mcu.externaltools.gnu-tools-for-stm32.13.3.rel1.win32_1.0.0.202411081344/tools/bin/../lib/gcc/arm-none-eabi/13.3.1/thumb/v7e-m+fp/hard\libgcc.a(_dvmd_tls.o)
                0x080005e8                __aeabi_idiv0
                0x080005e8                __aeabi_ldiv0
 *(.text*)
 .text.lcd_send_cmd
                0x080005ec       0x60 ./Core/Src/i2c-lcd.o
                0x080005ec                lcd_send_cmd
 .text.lcd_send_data
                0x0800064c       0x60 ./Core/Src/i2c-lcd.o
                0x0800064c                lcd_send_data
 .text.lcd_init
                0x080006ac       0x74 ./Core/Src/i2c-lcd.o
                0x080006ac                lcd_init
 .text.lcd_send_string
                0x08000720       0x2a ./Core/Src/i2c-lcd.o
                0x08000720                lcd_send_string
 *fill*         0x0800074a        0x2 
 .text.lcd_put_cur
                0x0800074c       0x64 ./Core/Src/i2c-lcd.o
                0x0800074c                lcd_put_cur
 .text.mPrint   0x080007b0       0x60 ./Core/Src/main.o
                0x080007b0                mPrint
 .text.Read_Local_Inputs
                0x08000810       0x7c ./Core/Src/main.o
                0x08000810                Read_Local_Inputs
 .text.Send_Command_To_ABS
                0x0800088c      0x144 ./Core/Src/main.o
                0x0800088c                Send_Command_To_ABS
 .text.HAL_CAN_RxFifo0MsgPendingCallback
                0x080009d0       0xc0 ./Core/Src/main.o
                0x080009d0                HAL_CAN_RxFifo0MsgPendingCallback
 .text.Update_Rear_LEDs
                0x08000a90       0x70 ./Core/Src/main.o
                0x08000a90                Update_Rear_LEDs
 .text.Update_LCD
                0x08000b00      0x2d4 ./Core/Src/main.o
                0x08000b00                Update_LCD
 .text.main     0x08000dd4      0x1d4 ./Core/Src/main.o
                0x08000dd4                main
 .text.SystemClock_Config
                0x08000fa8       0xdc ./Core/Src/main.o
                0x08000fa8                SystemClock_Config
 .text.MX_ADC1_Init
                0x08001084       0xa4 ./Core/Src/main.o
 .text.MX_CAN1_Init
                0x08001128       0xe4 ./Core/Src/main.o
 .text.MX_I2C2_Init
                0x0800120c      0x118 ./Core/Src/main.o
 .text.MX_USART2_UART_Init
                0x08001324       0x54 ./Core/Src/main.o
 .text.MX_GPIO_Init
                0x08001378      0x11c ./Core/Src/main.o
 .text.CAN1_RX0_IRQHandler
                0x08001494       0x14 ./Core/Src/main.o
                0x08001494                CAN1_RX0_IRQHandler
 .text.Error_Handler
                0x080014a8        0xc ./Core/Src/main.o
                0x080014a8                Error_Handler
 .text.HAL_MspInit
                0x080014b4       0x50 ./Core/Src/stm32f4xx_hal_msp.o
                0x080014b4                HAL_MspInit
 .text.HAL_ADC_MspInit
                0x08001504       0x88 ./Core/Src/stm32f4xx_hal_msp.o
                0x08001504                HAL_ADC_MspInit
 .text.HAL_CAN_MspInit
                0x0800158c       0xa0 ./Core/Src/stm32f4xx_hal_msp.o
                0x0800158c                HAL_CAN_MspInit
 .text.HAL_I2C_MspInit
                0x0800162c       0xd4 ./Core/Src/stm32f4xx_hal_msp.o
                0x0800162c                HAL_I2C_MspInit
 .text.HAL_UART_MspInit
                0x08001700       0x90 ./Core/Src/stm32f4xx_hal_msp.o
                0x08001700                HAL_UART_MspInit
 .text.NMI_Handler
                0x08001790        0x8 ./Core/Src/stm32f4xx_it.o
                0x08001790                NMI_Handler
 .text.HardFault_Handler
                0x08001798        0x8 ./Core/Src/stm32f4xx_it.o
                0x08001798                HardFault_Handler
 .text.MemManage_Handler
                0x080017a0        0x8 ./Core/Src/stm32f4xx_it.o
                0x080017a0                MemManage_Handler
 .text.BusFault_Handler
                0x080017a8        0x8 ./Core/Src/stm32f4xx_it.o
                0x080017a8                BusFault_Handler
 .text.UsageFault_Handler
                0x080017b0        0x8 ./Core/Src/stm32f4xx_it.o
                0x080017b0                UsageFault_Handler
 .text.SVC_Handler
                0x080017b8        0xe ./Core/Src/stm32f4xx_it.o
                0x080017b8                SVC_Handler
 .text.DebugMon_Handler
                0x080017c6        0xe ./Core/Src/stm32f4xx_it.o
                0x080017c6                DebugMon_Handler
 .text.PendSV_Handler
                0x080017d4        0xe ./Core/Src/stm32f4xx_it.o
                0x080017d4                PendSV_Handler
 .text.SysTick_Handler
                0x080017e2        0xc ./Core/Src/stm32f4xx_it.o
                0x080017e2                SysTick_Handler
 *fill*         0x080017ee        0x2 
 .text._sbrk    0x080017f0       0x6c ./Core/Src/sysmem.o
                0x080017f0                _sbrk
 .text.SystemInit
                0x0800185c       0x24 ./Core/Src/system_stm32f4xx.o
                0x0800185c                SystemInit
 .text.Reset_Handler
                0x08001880       0x50 ./Core/Startup/startup_stm32f446retx.o
                0x08001880                Reset_Handler
 .text.Default_Handler
                0x080018d0        0x2 ./Core/Startup/startup_stm32f446retx.o
                0x080018d0                RTC_Alarm_IRQHandler
                0x080018d0                EXTI2_IRQHandler
                0x080018d0                TIM8_CC_IRQHandler
                0x080018d0                FMPI2C1_EV_IRQHandler
                0x080018d0                SPI4_IRQHandler
                0x080018d0                TIM1_CC_IRQHandler
                0x080018d0                DMA2_Stream5_IRQHandler
                0x080018d0                DMA1_Stream5_IRQHandler
                0x080018d0                PVD_IRQHandler
                0x080018d0                SDIO_IRQHandler
                0x080018d0                TAMP_STAMP_IRQHandler
                0x080018d0                CAN2_RX1_IRQHandler
                0x080018d0                EXTI3_IRQHandler
                0x080018d0                TIM8_TRG_COM_TIM14_IRQHandler
                0x080018d0                TIM1_UP_TIM10_IRQHandler
                0x080018d0                TIM8_UP_TIM13_IRQHandler
                0x080018d0                I2C3_ER_IRQHandler
                0x080018d0                EXTI0_IRQHandler
                0x080018d0                I2C2_EV_IRQHandler
                0x080018d0                DMA1_Stream2_IRQHandler
                0x080018d0                FPU_IRQHandler
                0x080018d0                OTG_HS_WKUP_IRQHandler
                0x080018d0                CAN2_SCE_IRQHandler
                0x080018d0                DMA2_Stream2_IRQHandler
                0x080018d0                SPI1_IRQHandler
                0x080018d0                TIM6_DAC_IRQHandler
                0x080018d0                TIM1_BRK_TIM9_IRQHandler
                0x080018d0                DCMI_IRQHandler
                0x080018d0                CAN2_RX0_IRQHandler
                0x080018d0                DMA2_Stream3_IRQHandler
                0x080018d0                SAI2_IRQHandler
                0x080018d0                USART6_IRQHandler
                0x080018d0                USART3_IRQHandler
                0x080018d0                CAN1_RX1_IRQHandler
                0x080018d0                UART5_IRQHandler
                0x080018d0                DMA2_Stream0_IRQHandler
                0x080018d0                TIM4_IRQHandler
                0x080018d0                QUADSPI_IRQHandler
                0x080018d0                I2C1_EV_IRQHandler
                0x080018d0                DMA1_Stream6_IRQHandler
                0x080018d0                DMA1_Stream1_IRQHandler
                0x080018d0                UART4_IRQHandler
                0x080018d0                TIM3_IRQHandler
                0x080018d0                RCC_IRQHandler
                0x080018d0                TIM8_BRK_TIM12_IRQHandler
                0x080018d0                Default_Handler
                0x080018d0                CEC_IRQHandler
                0x080018d0                EXTI15_10_IRQHandler
                0x080018d0                ADC_IRQHandler
                0x080018d0                DMA1_Stream7_IRQHandler
                0x080018d0                TIM7_IRQHandler
                0x080018d0                CAN2_TX_IRQHandler
                0x080018d0                TIM5_IRQHandler
                0x080018d0                DMA2_Stream7_IRQHandler
                0x080018d0                I2C3_EV_IRQHandler
                0x080018d0                EXTI9_5_IRQHandler
                0x080018d0                RTC_WKUP_IRQHandler
                0x080018d0                SPDIF_RX_IRQHandler
                0x080018d0                SPI2_IRQHandler
                0x080018d0                OTG_HS_EP1_IN_IRQHandler
                0x080018d0                DMA1_Stream0_IRQHandler
                0x080018d0                CAN1_TX_IRQHandler
                0x080018d0                FMPI2C1_ER_IRQHandler
                0x080018d0                EXTI4_IRQHandler
                0x080018d0                OTG_HS_EP1_OUT_IRQHandler
                0x080018d0                WWDG_IRQHandler
                0x080018d0                TIM2_IRQHandler
                0x080018d0                OTG_FS_WKUP_IRQHandler
                0x080018d0                TIM1_TRG_COM_TIM11_IRQHandler
                0x080018d0                OTG_HS_IRQHandler
                0x080018d0                EXTI1_IRQHandler
                0x080018d0                USART2_IRQHandler
                0x080018d0                I2C2_ER_IRQHandler
                0x080018d0                DMA2_Stream1_IRQHandler
                0x080018d0                CAN1_SCE_IRQHandler
                0x080018d0                FLASH_IRQHandler
                0x080018d0                DMA2_Stream4_IRQHandler
                0x080018d0                USART1_IRQHandler
                0x080018d0                OTG_FS_IRQHandler
                0x080018d0                SPI3_IRQHandler
                0x080018d0                DMA1_Stream4_IRQHandler
                0x080018d0                I2C1_ER_IRQHandler
                0x080018d0                FMC_IRQHandler
                0x080018d0                DMA2_Stream6_IRQHandler
                0x080018d0                SAI1_IRQHandler
                0x080018d0                DMA1_Stream3_IRQHandler
 *fill*         0x080018d2        0x2 
 .text.HAL_Init
                0x080018d4       0x44 ./Drivers/STM32F4xx_HAL_Driver/Src/stm32f4xx_hal.o
                0x080018d4                HAL_Init
 .text.HAL_InitTick
                0x08001918       0x60 ./Drivers/STM32F4xx_HAL_Driver/Src/stm32f4xx_hal.o
                0x08001918                HAL_InitTick
 .text.HAL_IncTick
                0x08001978       0x28 ./Drivers/STM32F4xx_HAL_Driver/Src/stm32f4xx_hal.o
                0x08001978                HAL_IncTick
 .text.HAL_GetTick
                0x080019a0       0x18 ./Drivers/STM32F4xx_HAL_Driver/Src/stm32f4xx_hal.o
                0x080019a0                HAL_GetTick
 .text.HAL_Delay
                0x080019b8       0x48 ./Drivers/STM32F4xx_HAL_Driver/Src/stm32f4xx_hal.o
                0x080019b8                HAL_Delay
 .text.HAL_ADC_Init
                0x08001a00       0x86 ./Drivers/STM32F4xx_HAL_Driver/Src/stm32f4xx_hal_adc.o
                0x08001a00                HAL_ADC_Init
 *fill*         0x08001a86        0x2 
 .text.HAL_ADC_Start
                0x08001a88      0x1a4 ./Drivers/STM32F4xx_HAL_Driver/Src/stm32f4xx_hal_adc.o
                0x08001a88                HAL_ADC_Start
 .text.HAL_ADC_Stop
                0x08001c2c       0x66 ./Drivers/STM32F4xx_HAL_Driver/Src/stm32f4xx_hal_adc.o
                0x08001c2c                HAL_ADC_Stop
 .text.HAL_ADC_PollForConversion
                0x08001c92      0x116 ./Drivers/STM32F4xx_HAL_Driver/Src/stm32f4xx_hal_adc.o
                0x08001c92                HAL_ADC_PollForConversion
 .text.HAL_ADC_GetValue
                0x08001da8       0x1a ./Drivers/STM32F4xx_HAL_Driver/Src/stm32f4xx_hal_adc.o
                0x08001da8                HAL_ADC_GetValue
 *fill*         0x08001dc2        0x2 
 .text.HAL_ADC_ConfigChannel
                0x08001dc4      0x264 ./Drivers/STM32F4xx_HAL_Driver/Src/stm32f4xx_hal_adc.o
                0x08001dc4                HAL_ADC_ConfigChannel
 .text.ADC_Init
                0x08002028      0x1f8 ./Drivers/STM32F4xx_HAL_Driver/Src/stm32f4xx_hal_adc.o
 .text.HAL_CAN_Init
                0x08002220      0x1f6 ./Drivers/STM32F4xx_HAL_Driver/Src/stm32f4xx_hal_can.o
                0x08002220                HAL_CAN_Init
 *fill*         0x08002416        0x2 
 .text.HAL_CAN_ConfigFilter
                0x08002418      0x1bc ./Drivers/STM32F4xx_HAL_Driver/Src/stm32f4xx_hal_can.o
                0x08002418                HAL_CAN_ConfigFilter
 .text.HAL_CAN_Start
                0x080025d4       0x88 ./Drivers/STM32F4xx_HAL_Driver/Src/stm32f4xx_hal_can.o
                0x080025d4                HAL_CAN_Start
 .text.HAL_CAN_AddTxMessage
                0x0800265c      0x1a0 ./Drivers/STM32F4xx_HAL_Driver/Src/stm32f4xx_hal_can.o
                0x0800265c                HAL_CAN_AddTxMessage
 .text.HAL_CAN_GetTxMailboxesFreeLevel
                0x080027fc       0x6a ./Drivers/STM32F4xx_HAL_Driver/Src/stm32f4xx_hal_can.o
                0x080027fc                HAL_CAN_GetTxMailboxesFreeLevel
 .text.HAL_CAN_GetRxMessage
                0x08002866      0x244 ./Drivers/STM32F4xx_HAL_Driver/Src/stm32f4xx_hal_can.o
                0x08002866                HAL_CAN_GetRxMessage
 .text.HAL_CAN_ActivateNotification
                0x08002aaa       0x4c ./Drivers/STM32F4xx_HAL_Driver/Src/stm32f4xx_hal_can.o
                0x08002aaa                HAL_CAN_ActivateNotification
 .text.HAL_CAN_IRQHandler
                0x08002af6      0x36e ./Drivers/STM32F4xx_HAL_Driver/Src/stm32f4xx_hal_can.o
                0x08002af6                HAL_CAN_IRQHandler
 .text.HAL_CAN_TxMailbox0CompleteCallback
                0x08002e64       0x14 ./Drivers/STM32F4xx_HAL_Driver/Src/stm32f4xx_hal_can.o
                0x08002e64                HAL_CAN_TxMailbox0CompleteCallback
 .text.HAL_CAN_TxMailbox1CompleteCallback
                0x08002e78       0x14 ./Drivers/STM32F4xx_HAL_Driver/Src/stm32f4xx_hal_can.o
                0x08002e78                HAL_CAN_TxMailbox1CompleteCallback
 .text.HAL_CAN_TxMailbox2CompleteCallback
                0x08002e8c       0x14 ./Drivers/STM32F4xx_HAL_Driver/Src/stm32f4xx_hal_can.o
                0x08002e8c                HAL_CAN_TxMailbox2CompleteCallback
 .text.HAL_CAN_TxMailbox0AbortCallback
                0x08002ea0       0x14 ./Drivers/STM32F4xx_HAL_Driver/Src/stm32f4xx_hal_can.o
                0x08002ea0                HAL_CAN_TxMailbox0AbortCallback
 .text.HAL_CAN_TxMailbox1AbortCallback
                0x08002eb4       0x14 ./Drivers/STM32F4xx_HAL_Driver/Src/stm32f4xx_hal_can.o
                0x08002eb4                HAL_CAN_TxMailbox1AbortCallback
 .text.HAL_CAN_TxMailbox2AbortCallback
                0x08002ec8       0x14 ./Drivers/STM32F4xx_HAL_Driver/Src/stm32f4xx_hal_can.o
                0x08002ec8                HAL_CAN_TxMailbox2AbortCallback
 .text.HAL_CAN_RxFifo0FullCallback
                0x08002edc       0x14 ./Drivers/STM32F4xx_HAL_Driver/Src/stm32f4xx_hal_can.o
                0x08002edc                HAL_CAN_RxFifo0FullCallback
 .text.HAL_CAN_RxFifo1MsgPendingCallback
                0x08002ef0       0x14 ./Drivers/STM32F4xx_HAL_Driver/Src/stm32f4xx_hal_can.o
                0x08002ef0                HAL_CAN_RxFifo1MsgPendingCallback
 .text.HAL_CAN_RxFifo1FullCallback
                0x08002f04       0x14 ./Drivers/STM32F4xx_HAL_Driver/Src/stm32f4xx_hal_can.o
                0x08002f04                HAL_CAN_RxFifo1FullCallback
 .text.HAL_CAN_SleepCallback
                0x08002f18       0x14 ./Drivers/STM32F4xx_HAL_Driver/Src/stm32f4xx_hal_can.o
                0x08002f18                HAL_CAN_SleepCallback
 .text.HAL_CAN_WakeUpFromRxMsgCallback
                0x08002f2c       0x14 ./Drivers/STM32F4xx_HAL_Driver/Src/stm32f4xx_hal_can.o
                0x08002f2c                HAL_CAN_WakeUpFromRxMsgCallback
 .text.HAL_CAN_ErrorCallback
                0x08002f40       0x14 ./Drivers/STM32F4xx_HAL_Driver/Src/stm32f4xx_hal_can.o
                0x08002f40                HAL_CAN_ErrorCallback
 .text.HAL_CAN_GetError
                0x08002f54       0x18 ./Drivers/STM32F4xx_HAL_Driver/Src/stm32f4xx_hal_can.o
                0x08002f54                HAL_CAN_GetError
 .text.__NVIC_SetPriorityGrouping
                0x08002f6c       0x48 ./Drivers/STM32F4xx_HAL_Driver/Src/stm32f4xx_hal_cortex.o
 .text.__NVIC_GetPriorityGrouping
                0x08002fb4       0x1c ./Drivers/STM32F4xx_HAL_Driver/Src/stm32f4xx_hal_cortex.o
 .text.__NVIC_EnableIRQ
                0x08002fd0       0x3c ./Drivers/STM32F4xx_HAL_Driver/Src/stm32f4xx_hal_cortex.o
 .text.__NVIC_SetPriority
                0x0800300c       0x54 ./Drivers/STM32F4xx_HAL_Driver/Src/stm32f4xx_hal_cortex.o
 .text.NVIC_EncodePriority
                0x08003060       0x66 ./Drivers/STM32F4xx_HAL_Driver/Src/stm32f4xx_hal_cortex.o
 *fill*         0x080030c6        0x2 
 .text.SysTick_Config
                0x080030c8       0x44 ./Drivers/STM32F4xx_HAL_Driver/Src/stm32f4xx_hal_cortex.o
 .text.HAL_NVIC_SetPriorityGrouping
                0x0800310c       0x16 ./Drivers/STM32F4xx_HAL_Driver/Src/stm32f4xx_hal_cortex.o
                0x0800310c                HAL_NVIC_SetPriorityGrouping
 .text.HAL_NVIC_SetPriority
                0x08003122       0x38 ./Drivers/STM32F4xx_HAL_Driver/Src/stm32f4xx_hal_cortex.o
                0x08003122                HAL_NVIC_SetPriority
 .text.HAL_NVIC_EnableIRQ
                0x0800315a       0x1c ./Drivers/STM32F4xx_HAL_Driver/Src/stm32f4xx_hal_cortex.o
                0x0800315a                HAL_NVIC_EnableIRQ
 .text.HAL_SYSTICK_Config
                0x08003176       0x18 ./Drivers/STM32F4xx_HAL_Driver/Src/stm32f4xx_hal_cortex.o
                0x08003176                HAL_SYSTICK_Config
 *fill*         0x0800318e        0x2 
 .text.HAL_GPIO_Init
                0x08003190      0x328 ./Drivers/STM32F4xx_HAL_Driver/Src/stm32f4xx_hal_gpio.o
                0x08003190                HAL_GPIO_Init
 .text.HAL_GPIO_ReadPin
                0x080034b8       0x30 ./Drivers/STM32F4xx_HAL_Driver/Src/stm32f4xx_hal_gpio.o
                0x080034b8                HAL_GPIO_ReadPin
 .text.HAL_GPIO_WritePin
                0x080034e8       0x32 ./Drivers/STM32F4xx_HAL_Driver/Src/stm32f4xx_hal_gpio.o
                0x080034e8                HAL_GPIO_WritePin
 *fill*         0x0800351a        0x2 
 .text.HAL_I2C_Init
                0x0800351c      0x288 ./Drivers/STM32F4xx_HAL_Driver/Src/stm32f4xx_hal_i2c.o
                0x0800351c                HAL_I2C_Init
 .text.HAL_I2C_Master_Transmit
                0x080037a4      0x1fc ./Drivers/STM32F4xx_HAL_Driver/Src/stm32f4xx_hal_i2c.o
                0x080037a4                HAL_I2C_Master_Transmit
 .text.I2C_MasterRequestWrite
                0x080039a0      0x104 ./Drivers/STM32F4xx_HAL_Driver/Src/stm32f4xx_hal_i2c.o
 .text.I2C_WaitOnFlagUntilTimeout
                0x08003aa4       0xf4 ./Drivers/STM32F4xx_HAL_Driver/Src/stm32f4xx_hal_i2c.o
 .text.I2C_WaitOnMasterAddressFlagUntilTimeout
                0x08003b98      0x140 ./Drivers/STM32F4xx_HAL_Driver/Src/stm32f4xx_hal_i2c.o
 .text.I2C_WaitOnTXEFlagUntilTimeout
                0x08003cd8       0x90 ./Drivers/STM32F4xx_HAL_Driver/Src/stm32f4xx_hal_i2c.o
 .text.I2C_WaitOnBTFFlagUntilTimeout
                0x08003d68       0x90 ./Drivers/STM32F4xx_HAL_Driver/Src/stm32f4xx_hal_i2c.o
 .text.I2C_IsAcknowledgeFailed
                0x08003df8       0x5e ./Drivers/STM32F4xx_HAL_Driver/Src/stm32f4xx_hal_i2c.o
 *fill*         0x08003e56        0x2 
 .text.HAL_RCC_ClockConfig
                0x08003e58      0x1cc ./Drivers/STM32F4xx_HAL_Driver/Src/stm32f4xx_hal_rcc.o
                0x08003e58                HAL_RCC_ClockConfig
 .text.HAL_RCC_GetHCLKFreq
                0x08004024       0x18 ./Drivers/STM32F4xx_HAL_Driver/Src/stm32f4xx_hal_rcc.o
                0x08004024                HAL_RCC_GetHCLKFreq
 .text.HAL_RCC_GetPCLK1Freq
                0x0800403c       0x28 ./Drivers/STM32F4xx_HAL_Driver/Src/stm32f4xx_hal_rcc.o
                0x0800403c                HAL_RCC_GetPCLK1Freq
 .text.HAL_RCC_GetPCLK2Freq
                0x08004064       0x28 ./Drivers/STM32F4xx_HAL_Driver/Src/stm32f4xx_hal_rcc.o
                0x08004064                HAL_RCC_GetPCLK2Freq
 .text.HAL_RCC_GetSysClockFreq
                0x0800408c      0x460 ./Drivers/STM32F4xx_HAL_Driver/Src/stm32f4xx_hal_rcc_ex.o
                0x0800408c                HAL_RCC_GetSysClockFreq
 .text.HAL_RCC_OscConfig
                0x080044ec      0x53c ./Drivers/STM32F4xx_HAL_Driver/Src/stm32f4xx_hal_rcc_ex.o
                0x080044ec                HAL_RCC_OscConfig
 .text.HAL_UART_Init
                0x08004a28       0xa0 ./Drivers/STM32F4xx_HAL_Driver/Src/stm32f4xx_hal_uart.o
                0x08004a28                HAL_UART_Init
 .text.HAL_UART_Transmit
                0x08004ac8      0x116 ./Drivers/STM32F4xx_HAL_Driver/Src/stm32f4xx_hal_uart.o
                0x08004ac8                HAL_UART_Transmit
 .text.UART_WaitOnFlagUntilTimeout
                0x08004bde       0xb2 ./Drivers/STM32F4xx_HAL_Driver/Src/stm32f4xx_hal_uart.o
 .text.UART_EndRxTransfer
                0x08004c90       0xc6 ./Drivers/STM32F4xx_HAL_Driver/Src/stm32f4xx_hal_uart.o
 *fill*         0x08004d56        0x2 
 .text.UART_SetConfig
                0x08004d58      0x4e8 ./Drivers/STM32F4xx_HAL_Driver/Src/stm32f4xx_hal_uart.o
 .text.sprintf  0x08005240       0x44 D:/Program_Files/stm32cubeide/STM32CubeIDE_1.19.0/STM32CubeIDE/plugins/com.st.stm32cube.ide.mcu.externaltools.gnu-tools-for-stm32.13.3.rel1.win32_1.0.0.202411081344/tools/bin/../lib/gcc/arm-none-eabi/13.3.1/../../../../arm-none-eabi/lib/thumb/v7e-m+fp/hard\libc_nano.a(libc_a-sprintf.o)
                0x08005240                siprintf
                0x08005240                sprintf
 .text._vsnprintf_r
                0x08005284       0x5c D:/Program_Files/stm32cubeide/STM32CubeIDE_1.19.0/STM32CubeIDE/plugins/com.st.stm32cube.ide.mcu.externaltools.gnu-tools-for-stm32.13.3.rel1.win32_1.0.0.202411081344/tools/bin/../lib/gcc/arm-none-eabi/13.3.1/../../../../arm-none-eabi/lib/thumb/v7e-m+fp/hard\libc_nano.a(libc_a-vsnprintf.o)
                0x08005284                _vsniprintf_r
                0x08005284                _vsnprintf_r
 .text.vsnprintf
                0x080052e0       0x1c D:/Program_Files/stm32cubeide/STM32CubeIDE_1.19.0/STM32CubeIDE/plugins/com.st.stm32cube.ide.mcu.externaltools.gnu-tools-for-stm32.13.3.rel1.win32_1.0.0.202411081344/tools/bin/../lib/gcc/arm-none-eabi/13.3.1/../../../../arm-none-eabi/lib/thumb/v7e-m+fp/hard\libc_nano.a(libc_a-vsnprintf.o)
                0x080052e0                vsniprintf
                0x080052e0                vsnprintf
 .text.memset   0x080052fc       0x10 D:/Program_Files/stm32cubeide/STM32CubeIDE_1.19.0/STM32CubeIDE/plugins/com.st.stm32cube.ide.mcu.externaltools.gnu-tools-for-stm32.13.3.rel1.win32_1.0.0.202411081344/tools/bin/../lib/gcc/arm-none-eabi/13.3.1/../../../../arm-none-eabi/lib/thumb/v7e-m+fp/hard\libc_nano.a(libc_a-memset.o)
                0x080052fc                memset
 .text.__errno  0x0800530c        0xc D:/Program_Files/stm32cubeide/STM32CubeIDE_1.19.0/STM32CubeIDE/plugins/com.st.stm32cube.ide.mcu.externaltools.gnu-tools-for-stm32.13.3.rel1.win32_1.0.0.202411081344/tools/bin/../lib/gcc/arm-none-eabi/13.3.1/../../../../arm-none-eabi/lib/thumb/v7e-m+fp/hard\libc_nano.a(libc_a-errno.o)
                0x0800530c                __errno
 .text.__libc_init_array
                0x08005318       0x48 D:/Program_Files/stm32cubeide/STM32CubeIDE_1.19.0/STM32CubeIDE/plugins/com.st.stm32cube.ide.mcu.externaltools.gnu-tools-for-stm32.13.3.rel1.win32_1.0.0.202411081344/tools/bin/../lib/gcc/arm-none-eabi/13.3.1/../../../../arm-none-eabi/lib/thumb/v7e-m+fp/hard\libc_nano.a(libc_a-init.o)
                0x08005318                __libc_init_array
 .text.__retarget_lock_acquire_recursive
                0x08005360        0x2 D:/Program_Files/stm32cubeide/STM32CubeIDE_1.19.0/STM32CubeIDE/plugins/com.st.stm32cube.ide.mcu.externaltools.gnu-tools-for-stm32.13.3.rel1.win32_1.0.0.202411081344/tools/bin/../lib/gcc/arm-none-eabi/13.3.1/../../../../arm-none-eabi/lib/thumb/v7e-m+fp/hard\libc_nano.a(libc_a-lock.o)
                0x08005360                __retarget_lock_acquire_recursive
 .text.__retarget_lock_release_recursive
                0x08005362        0x2 D:/Program_Files/stm32cubeide/STM32CubeIDE_1.19.0/STM32CubeIDE/plugins/com.st.stm32cube.ide.mcu.externaltools.gnu-tools-for-stm32.13.3.rel1.win32_1.0.0.202411081344/tools/bin/../lib/gcc/arm-none-eabi/13.3.1/../../../../arm-none-eabi/lib/thumb/v7e-m+fp/hard\libc_nano.a(libc_a-lock.o)
                0x08005362                __retarget_lock_release_recursive
 .text._free_r  0x08005364       0x94 D:/Program_Files/stm32cubeide/STM32CubeIDE_1.19.0/STM32CubeIDE/plugins/com.st.stm32cube.ide.mcu.externaltools.gnu-tools-for-stm32.13.3.rel1.win32_1.0.0.202411081344/tools/bin/../lib/gcc/arm-none-eabi/13.3.1/../../../../arm-none-eabi/lib/thumb/v7e-m+fp/hard\libc_nano.a(libc_a-freer.o)
                0x08005364                _free_r
 .text.sbrk_aligned
                0x080053f8       0x44 D:/Program_Files/stm32cubeide/STM32CubeIDE_1.19.0/STM32CubeIDE/plugins/com.st.stm32cube.ide.mcu.externaltools.gnu-tools-for-stm32.13.3.rel1.win32_1.0.0.202411081344/tools/bin/../lib/gcc/arm-none-eabi/13.3.1/../../../../arm-none-eabi/lib/thumb/v7e-m+fp/hard\libc_nano.a(libc_a-mallocr.o)
 .text._malloc_r
                0x0800543c      0x100 D:/Program_Files/stm32cubeide/STM32CubeIDE_1.19.0/STM32CubeIDE/plugins/com.st.stm32cube.ide.mcu.externaltools.gnu-tools-for-stm32.13.3.rel1.win32_1.0.0.202411081344/tools/bin/../lib/gcc/arm-none-eabi/13.3.1/../../../../arm-none-eabi/lib/thumb/v7e-m+fp/hard\libc_nano.a(libc_a-mallocr.o)
                0x0800543c                _malloc_r
 .text.__malloc_lock
                0x0800553c        0xc D:/Program_Files/stm32cubeide/STM32CubeIDE_1.19.0/STM32CubeIDE/plugins/com.st.stm32cube.ide.mcu.externaltools.gnu-tools-for-stm32.13.3.rel1.win32_1.0.0.202411081344/tools/bin/../lib/gcc/arm-none-eabi/13.3.1/../../../../arm-none-eabi/lib/thumb/v7e-m+fp/hard\libc_nano.a(libc_a-mlock.o)
                0x0800553c                __malloc_lock
 .text.__malloc_unlock
                0x08005548        0xc D:/Program_Files/stm32cubeide/STM32CubeIDE_1.19.0/STM32CubeIDE/plugins/com.st.stm32cube.ide.mcu.externaltools.gnu-tools-for-stm32.13.3.rel1.win32_1.0.0.202411081344/tools/bin/../lib/gcc/arm-none-eabi/13.3.1/../../../../arm-none-eabi/lib/thumb/v7e-m+fp/hard\libc_nano.a(libc_a-mlock.o)
                0x08005548                __malloc_unlock
 .text.__ssputs_r
                0x08005554       0xb6 D:/Program_Files/stm32cubeide/STM32CubeIDE_1.19.0/STM32CubeIDE/plugins/com.st.stm32cube.ide.mcu.externaltools.gnu-tools-for-stm32.13.3.rel1.win32_1.0.0.202411081344/tools/bin/../lib/gcc/arm-none-eabi/13.3.1/../../../../arm-none-eabi/lib/thumb/v7e-m+fp/hard\libc_nano.a(libc_a-nano-svfprintf.o)
                0x08005554                __ssputs_r
 *fill*         0x0800560a        0x2 
 .text._svfprintf_r
                0x0800560c      0x1f8 D:/Program_Files/stm32cubeide/STM32CubeIDE_1.19.0/STM32CubeIDE/plugins/com.st.stm32cube.ide.mcu.externaltools.gnu-tools-for-stm32.13.3.rel1.win32_1.0.0.202411081344/tools/bin/../lib/gcc/arm-none-eabi/13.3.1/../../../../arm-none-eabi/lib/thumb/v7e-m+fp/hard\libc_nano.a(libc_a-nano-svfprintf.o)
                0x0800560c                _svfiprintf_r
                0x0800560c                _svfprintf_r
 .text._printf_common
                0x08005804       0xda D:/Program_Files/stm32cubeide/STM32CubeIDE_1.19.0/STM32CubeIDE/plugins/com.st.stm32cube.ide.mcu.externaltools.gnu-tools-for-stm32.13.3.rel1.win32_1.0.0.202411081344/tools/bin/../lib/gcc/arm-none-eabi/13.3.1/../../../../arm-none-eabi/lib/thumb/v7e-m+fp/hard\libc_nano.a(libc_a-nano-vfprintf_i.o)
                0x08005804                _printf_common
 *fill*         0x080058de        0x2 
 .text._printf_i
                0x080058e0      0x23c D:/Program_Files/stm32cubeide/STM32CubeIDE_1.19.0/STM32CubeIDE/plugins/com.st.stm32cube.ide.mcu.externaltools.gnu-tools-for-stm32.13.3.rel1.win32_1.0.0.202411081344/tools/bin/../lib/gcc/arm-none-eabi/13.3.1/../../../../arm-none-eabi/lib/thumb/v7e-m+fp/hard\libc_nano.a(libc_a-nano-vfprintf_i.o)
                0x080058e0                _printf_i
 .text.memmove  0x08005b1c       0x34 D:/Program_Files/stm32cubeide/STM32CubeIDE_1.19.0/STM32CubeIDE/plugins/com.st.stm32cube.ide.mcu.externaltools.gnu-tools-for-stm32.13.3.rel1.win32_1.0.0.202411081344/tools/bin/../lib/gcc/arm-none-eabi/13.3.1/../../../../arm-none-eabi/lib/thumb/v7e-m+fp/hard\libc_nano.a(libc_a-memmove.o)
                0x08005b1c                memmove
 .text._sbrk_r  0x08005b50       0x20 D:/Program_Files/stm32cubeide/STM32CubeIDE_1.19.0/STM32CubeIDE/plugins/com.st.stm32cube.ide.mcu.externaltools.gnu-tools-for-stm32.13.3.rel1.win32_1.0.0.202411081344/tools/bin/../lib/gcc/arm-none-eabi/13.3.1/../../../../arm-none-eabi/lib/thumb/v7e-m+fp/hard\libc_nano.a(libc_a-sbrkr.o)
                0x08005b50                _sbrk_r
 .text.memcpy   0x08005b70       0x1c D:/Program_Files/stm32cubeide/STM32CubeIDE_1.19.0/STM32CubeIDE/plugins/com.st.stm32cube.ide.mcu.externaltools.gnu-tools-for-stm32.13.3.rel1.win32_1.0.0.202411081344/tools/bin/../lib/gcc/arm-none-eabi/13.3.1/../../../../arm-none-eabi/lib/thumb/v7e-m+fp/hard\libc_nano.a(libc_a-memcpy-stub.o)
                0x08005b70                memcpy
 .text._realloc_r
                0x08005b8c       0x5c D:/Program_Files/stm32cubeide/STM32CubeIDE_1.19.0/STM32CubeIDE/plugins/com.st.stm32cube.ide.mcu.externaltools.gnu-tools-for-stm32.13.3.rel1.win32_1.0.0.202411081344/tools/bin/../lib/gcc/arm-none-eabi/13.3.1/../../../../arm-none-eabi/lib/thumb/v7e-m+fp/hard\libc_nano.a(libc_a-reallocr.o)
                0x08005b8c                _realloc_r
 .text._malloc_usable_size_r
                0x08005be8       0x10 D:/Program_Files/stm32cubeide/STM32CubeIDE_1.19.0/STM32CubeIDE/plugins/com.st.stm32cube.ide.mcu.externaltools.gnu-tools-for-stm32.13.3.rel1.win32_1.0.0.202411081344/tools/bin/../lib/gcc/arm-none-eabi/13.3.1/../../../../arm-none-eabi/lib/thumb/v7e-m+fp/hard\libc_nano.a(libc_a-msizer.o)
                0x08005be8                _malloc_usable_size_r
 *(.glue_7)
 .glue_7        0x08005bf8        0x0 linker stubs
 *(.glue_7t)
 .glue_7t       0x08005bf8        0x0 linker stubs
 *(.eh_frame)
 .eh_frame      0x08005bf8        0x0 D:/Program_Files/stm32cubeide/STM32CubeIDE_1.19.0/STM32CubeIDE/plugins/com.st.stm32cube.ide.mcu.externaltools.gnu-tools-for-stm32.13.3.rel1.win32_1.0.0.202411081344/tools/bin/../lib/gcc/arm-none-eabi/13.3.1/thumb/v7e-m+fp/hard/crtbegin.o
 *(.init)
 .init          0x08005bf8        0x4 D:/Program_Files/stm32cubeide/STM32CubeIDE_1.19.0/STM32CubeIDE/plugins/com.st.stm32cube.ide.mcu.externaltools.gnu-tools-for-stm32.13.3.rel1.win32_1.0.0.202411081344/tools/bin/../lib/gcc/arm-none-eabi/13.3.1/thumb/v7e-m+fp/hard/crti.o
                0x08005bf8                _init
 .init          0x08005bfc        0x8 D:/Program_Files/stm32cubeide/STM32CubeIDE_1.19.0/STM32CubeIDE/plugins/com.st.stm32cube.ide.mcu.externaltools.gnu-tools-for-stm32.13.3.rel1.win32_1.0.0.202411081344/tools/bin/../lib/gcc/arm-none-eabi/13.3.1/thumb/v7e-m+fp/hard/crtn.o
 *(.fini)
 .fini          0x08005c04        0x4 D:/Program_Files/stm32cubeide/STM32CubeIDE_1.19.0/STM32CubeIDE/plugins/com.st.stm32cube.ide.mcu.externaltools.gnu-tools-for-stm32.13.3.rel1.win32_1.0.0.202411081344/tools/bin/../lib/gcc/arm-none-eabi/13.3.1/thumb/v7e-m+fp/hard/crti.o
                0x08005c04                _fini
 .fini          0x08005c08        0x8 D:/Program_Files/stm32cubeide/STM32CubeIDE_1.19.0/STM32CubeIDE/plugins/com.st.stm32cube.ide.mcu.externaltools.gnu-tools-for-stm32.13.3.rel1.win32_1.0.0.202411081344/tools/bin/../lib/gcc/arm-none-eabi/13.3.1/thumb/v7e-m+fp/hard/crtn.o
                0x08005c10                        . = ALIGN (0x4)
                0x08005c10                        _etext = .

.vfp11_veneer   0x08005c10        0x0
 .vfp11_veneer  0x08005c10        0x0 linker stubs

.v4_bx          0x08005c10        0x0
 .v4_bx         0x08005c10        0x0 linker stubs

.iplt           0x08005c10        0x0
 .iplt          0x08005c10        0x0 D:/Program_Files/stm32cubeide/STM32CubeIDE_1.19.0/STM32CubeIDE/plugins/com.st.stm32cube.ide.mcu.externaltools.gnu-tools-for-stm32.13.3.rel1.win32_1.0.0.202411081344/tools/bin/../lib/gcc/arm-none-eabi/13.3.1/thumb/v7e-m+fp/hard/crtbegin.o

.rodata         0x08005c10      0x384
                0x08005c10                        . = ALIGN (0x4)
 *(.rodata)
 .rodata        0x08005c10      0x338 ./Core/Src/main.o
 *(.rodata*)
 .rodata.AHBPrescTable
                0x08005f48       0x10 ./Core/Src/system_stm32f4xx.o
                0x08005f48                AHBPrescTable
 .rodata.APBPrescTable
                0x08005f58        0x8 ./Core/Src/system_stm32f4xx.o
                0x08005f58                APBPrescTable
 .rodata._svfprintf_r.str1.1
                0x08005f60       0x33 D:/Program_Files/stm32cubeide/STM32CubeIDE_1.19.0/STM32CubeIDE/plugins/com.st.stm32cube.ide.mcu.externaltools.gnu-tools-for-stm32.13.3.rel1.win32_1.0.0.202411081344/tools/bin/../lib/gcc/arm-none-eabi/13.3.1/../../../../arm-none-eabi/lib/thumb/v7e-m+fp/hard\libc_nano.a(libc_a-nano-svfprintf.o)
                                 0x11 (size before relaxing)
 .rodata._printf_i.str1.1
                0x08005f93       0x22 D:/Program_Files/stm32cubeide/STM32CubeIDE_1.19.0/STM32CubeIDE/plugins/com.st.stm32cube.ide.mcu.externaltools.gnu-tools-for-stm32.13.3.rel1.win32_1.0.0.202411081344/tools/bin/../lib/gcc/arm-none-eabi/13.3.1/../../../../arm-none-eabi/lib/thumb/v7e-m+fp/hard\libc_nano.a(libc_a-nano-vfprintf_i.o)
                0x08005fb8                        . = ALIGN (0x4)
 *fill*         0x08005f93        0x1 

.ARM.extab      0x08005f94        0x0
                0x08005f94                        . = ALIGN (0x4)
 *(.ARM.extab* .gnu.linkonce.armextab.*)
                0x08005f94                        . = ALIGN (0x4)

.ARM            0x08005f94        0x8
                0x08005f94                        . = ALIGN (0x4)
                0x08005f94                        __exidx_start = .
 *(.ARM.exidx*)
 .ARM.exidx     0x08005f94        0x8 D:/Program_Files/stm32cubeide/STM32CubeIDE_1.19.0/STM32CubeIDE/plugins/com.st.stm32cube.ide.mcu.externaltools.gnu-tools-for-stm32.13.3.rel1.win32_1.0.0.202411081344/tools/bin/../lib/gcc/arm-none-eabi/13.3.1/../../../../arm-none-eabi/lib/thumb/v7e-m+fp/hard\libc_nano.a(libc_a-strlen.o)
 .ARM.exidx     0x08005f9c        0x0 D:/Program_Files/stm32cubeide/STM32CubeIDE_1.19.0/STM32CubeIDE/plugins/com.st.stm32cube.ide.mcu.externaltools.gnu-tools-for-stm32.13.3.rel1.win32_1.0.0.202411081344/tools/bin/../lib/gcc/arm-none-eabi/13.3.1/../../../../arm-none-eabi/lib/thumb/v7e-m+fp/hard\libc_nano.a(libc_a-memchr.o)
                                  0x8 (size before relaxing)
 .ARM.exidx     0x08005f9c        0x0 D:/Program_Files/stm32cubeide/STM32CubeIDE_1.19.0/STM32CubeIDE/plugins/com.st.stm32cube.ide.mcu.externaltools.gnu-tools-for-stm32.13.3.rel1.win32_1.0.0.202411081344/tools/bin/../lib/gcc/arm-none-eabi/13.3.1/thumb/v7e-m+fp/hard\libgcc.a(_udivmoddi4.o)
                                  0x8 (size before relaxing)
                0x08005f9c                        __exidx_end = .
                0x08005f9c                        . = ALIGN (0x4)

.preinit_array  0x08005f9c        0x0
                0x08005f9c                        . = ALIGN (0x4)
                0x08005f9c                        PROVIDE (__preinit_array_start = .)
 *(.preinit_array*)
                0x08005f9c                        PROVIDE (__preinit_array_end = .)
                0x08005f9c                        . = ALIGN (0x4)

.init_array     0x08005f9c        0x4
                0x08005f9c                        . = ALIGN (0x4)
                0x08005f9c                        PROVIDE (__init_array_start = .)
 *(SORT_BY_NAME(.init_array.*))
 *(.init_array*)
 .init_array    0x08005f9c        0x4 D:/Program_Files/stm32cubeide/STM32CubeIDE_1.19.0/STM32CubeIDE/plugins/com.st.stm32cube.ide.mcu.externaltools.gnu-tools-for-stm32.13.3.rel1.win32_1.0.0.202411081344/tools/bin/../lib/gcc/arm-none-eabi/13.3.1/thumb/v7e-m+fp/hard/crtbegin.o
                0x08005fa0                        PROVIDE (__init_array_end = .)
                0x08005fa0                        . = ALIGN (0x4)

.fini_array     0x08005fa0        0x4
                0x08005fa0                        . = ALIGN (0x4)
                [!provide]                        PROVIDE (__fini_array_start = .)
 *(SORT_BY_NAME(.fini_array.*))
 *(.fini_array*)
 .fini_array    0x08005fa0        0x4 D:/Program_Files/stm32cubeide/STM32CubeIDE_1.19.0/STM32CubeIDE/plugins/com.st.stm32cube.ide.mcu.externaltools.gnu-tools-for-stm32.13.3.rel1.win32_1.0.0.202411081344/tools/bin/../lib/gcc/arm-none-eabi/13.3.1/thumb/v7e-m+fp/hard/crtbegin.o
                [!provide]                        PROVIDE (__fini_array_end = .)
                0x08005fa4                        . = ALIGN (0x4)
                0x08005fa4                        _sidata = LOADADDR (.data)

.rel.dyn        0x08005fa4        0x0
 .rel.iplt      0x08005fa4        0x0 D:/Program_Files/stm32cubeide/STM32CubeIDE_1.19.0/STM32CubeIDE/plugins/com.st.stm32cube.ide.mcu.externaltools.gnu-tools-for-stm32.13.3.rel1.win32_1.0.0.202411081344/tools/bin/../lib/gcc/arm-none-eabi/13.3.1/thumb/v7e-m+fp/hard/crtbegin.o

.data           0x20000000       0x5c load address 0x08005fa4
                0x20000000                        . = ALIGN (0x4)
                0x20000000                        _sdata = .
 *(.data)
 *(.data*)
 .data.SystemCoreClock
                0x20000000        0x4 ./Core/Src/system_stm32f4xx.o
                0x20000000                SystemCoreClock
 .data.uwTickPrio
                0x20000004        0x4 ./Drivers/STM32F4xx_HAL_Driver/Src/stm32f4xx_hal.o
                0x20000004                uwTickPrio
 .data.uwTickFreq
                0x20000008        0x1 ./Drivers/STM32F4xx_HAL_Driver/Src/stm32f4xx_hal.o
                0x20000008                uwTickFreq
 *fill*         0x20000009        0x3 
 .data._impure_ptr
                0x2000000c        0x4 D:/Program_Files/stm32cubeide/STM32CubeIDE_1.19.0/STM32CubeIDE/plugins/com.st.stm32cube.ide.mcu.externaltools.gnu-tools-for-stm32.13.3.rel1.win32_1.0.0.202411081344/tools/bin/../lib/gcc/arm-none-eabi/13.3.1/../../../../arm-none-eabi/lib/thumb/v7e-m+fp/hard\libc_nano.a(libc_a-impure.o)
                0x2000000c                _impure_ptr
 .data._impure_data
                0x20000010       0x4c D:/Program_Files/stm32cubeide/STM32CubeIDE_1.19.0/STM32CubeIDE/plugins/com.st.stm32cube.ide.mcu.externaltools.gnu-tools-for-stm32.13.3.rel1.win32_1.0.0.202411081344/tools/bin/../lib/gcc/arm-none-eabi/13.3.1/../../../../arm-none-eabi/lib/thumb/v7e-m+fp/hard\libc_nano.a(libc_a-impure.o)
                0x20000010                _impure_data
 *(.RamFunc)
 *(.RamFunc*)
                0x2000005c                        . = ALIGN (0x4)
                0x2000005c                        _edata = .

.igot.plt       0x2000005c        0x0 load address 0x08006000
 .igot.plt      0x2000005c        0x0 D:/Program_Files/stm32cubeide/STM32CubeIDE_1.19.0/STM32CubeIDE/plugins/com.st.stm32cube.ide.mcu.externaltools.gnu-tools-for-stm32.13.3.rel1.win32_1.0.0.202411081344/tools/bin/../lib/gcc/arm-none-eabi/13.3.1/thumb/v7e-m+fp/hard/crtbegin.o
                0x2000005c                        . = ALIGN (0x4)

.bss            0x2000005c      0x380 load address 0x08006000
                0x2000005c                        _sbss = .
                0x2000005c                        __bss_start__ = _sbss
 *(.bss)
 .bss           0x2000005c       0x1c D:/Program_Files/stm32cubeide/STM32CubeIDE_1.19.0/STM32CubeIDE/plugins/com.st.stm32cube.ide.mcu.externaltools.gnu-tools-for-stm32.13.3.rel1.win32_1.0.0.202411081344/tools/bin/../lib/gcc/arm-none-eabi/13.3.1/thumb/v7e-m+fp/hard/crtbegin.o
 *(.bss*)
 .bss.hadc1     0x20000078       0x48 ./Core/Src/main.o
                0x20000078                hadc1
 .bss.hcan1     0x200000c0       0x28 ./Core/Src/main.o
                0x200000c0                hcan1
 .bss.hi2c2     0x200000e8       0x54 ./Core/Src/main.o
                0x200000e8                hi2c2
 .bss.huart2    0x2000013c       0x48 ./Core/Src/main.o
                0x2000013c                huart2
 .bss.buff      0x20000184       0x80 ./Core/Src/main.o
                0x20000184                buff
 .bss.sFilterConfig
                0x20000204       0x28 ./Core/Src/main.o
                0x20000204                sFilterConfig
 .bss.RxHeader  0x2000022c       0x1c ./Core/Src/main.o
                0x2000022c                RxHeader
 .bss.RxData    0x20000248        0x8 ./Core/Src/main.o
                0x20000248                RxData
 .bss.TxHeader  0x20000250       0x18 ./Core/Src/main.o
                0x20000250                TxHeader
 .bss.TxMailbox
                0x20000268        0x4 ./Core/Src/main.o
                0x20000268                TxMailbox
 .bss.TxDataABS
                0x2000026c        0x8 ./Core/Src/main.o
                0x2000026c                TxDataABS
 .bss.main_to_abs_cnt
                0x20000274        0x1 ./Core/Src/main.o
                0x20000274                main_to_abs_cnt
 *fill*         0x20000275        0x3 
 .bss.adc_val   0x20000278        0x4 ./Core/Src/main.o
                0x20000278                adc_val
 .bss.sw1       0x2000027c        0x1 ./Core/Src/main.o
                0x2000027c                sw1
 .bss.sw2       0x2000027d        0x1 ./Core/Src/main.o
                0x2000027d                sw2
 .bss.dir_sw    0x2000027e        0x1 ./Core/Src/main.o
                0x2000027e                dir_sw
 .bss.abs1      0x2000027f        0x1 ./Core/Src/main.o
                0x2000027f                abs1
 .bss.abs2      0x20000280        0x1 ./Core/Src/main.o
                0x20000280                abs2
 .bss.abs3      0x20000281        0x1 ./Core/Src/main.o
                0x20000281                abs3
 .bss.airbag1   0x20000282        0x1 ./Core/Src/main.o
                0x20000282                airbag1
 .bss.abs_new_data
                0x20000283        0x1 ./Core/Src/main.o
                0x20000283                abs_new_data
 .bss.airbag_new_data
                0x20000284        0x1 ./Core/Src/main.o
                0x20000284                airbag_new_data
 .bss.emergency_stop
                0x20000285        0x1 ./Core/Src/main.o
                0x20000285                emergency_stop
 *fill*         0x20000286        0x2 
 .bss.last_lcd_update.0
                0x20000288        0x4 ./Core/Src/main.o
 .bss.__sbrk_heap_end
                0x2000028c        0x4 ./Core/Src/sysmem.o
 .bss.uwTick    0x20000290        0x4 ./Drivers/STM32F4xx_HAL_Driver/Src/stm32f4xx_hal.o
                0x20000290                uwTick
 .bss.__sf      0x20000294      0x138 D:/Program_Files/stm32cubeide/STM32CubeIDE_1.19.0/STM32CubeIDE/plugins/com.st.stm32cube.ide.mcu.externaltools.gnu-tools-for-stm32.13.3.rel1.win32_1.0.0.202411081344/tools/bin/../lib/gcc/arm-none-eabi/13.3.1/../../../../arm-none-eabi/lib/thumb/v7e-m+fp/hard\libc_nano.a(libc_a-findfp.o)
                0x20000294                __sf
 .bss.errno     0x200003cc        0x4 D:/Program_Files/stm32cubeide/STM32CubeIDE_1.19.0/STM32CubeIDE/plugins/com.st.stm32cube.ide.mcu.externaltools.gnu-tools-for-stm32.13.3.rel1.win32_1.0.0.202411081344/tools/bin/../lib/gcc/arm-none-eabi/13.3.1/../../../../arm-none-eabi/lib/thumb/v7e-m+fp/hard\libc_nano.a(libc_a-reent.o)
                0x200003cc                errno
 .bss.__lock___malloc_recursive_mutex
                0x200003d0        0x1 D:/Program_Files/stm32cubeide/STM32CubeIDE_1.19.0/STM32CubeIDE/plugins/com.st.stm32cube.ide.mcu.externaltools.gnu-tools-for-stm32.13.3.rel1.win32_1.0.0.202411081344/tools/bin/../lib/gcc/arm-none-eabi/13.3.1/../../../../arm-none-eabi/lib/thumb/v7e-m+fp/hard\libc_nano.a(libc_a-lock.o)
                0x200003d0                __lock___malloc_recursive_mutex
 *fill*         0x200003d1        0x3 
 .bss.__malloc_sbrk_start
                0x200003d4        0x4 D:/Program_Files/stm32cubeide/STM32CubeIDE_1.19.0/STM32CubeIDE/plugins/com.st.stm32cube.ide.mcu.externaltools.gnu-tools-for-stm32.13.3.rel1.win32_1.0.0.202411081344/tools/bin/../lib/gcc/arm-none-eabi/13.3.1/../../../../arm-none-eabi/lib/thumb/v7e-m+fp/hard\libc_nano.a(libc_a-mallocr.o)
                0x200003d4                __malloc_sbrk_start
 .bss.__malloc_free_list
                0x200003d8        0x4 D:/Program_Files/stm32cubeide/STM32CubeIDE_1.19.0/STM32CubeIDE/plugins/com.st.stm32cube.ide.mcu.externaltools.gnu-tools-for-stm32.13.3.rel1.win32_1.0.0.202411081344/tools/bin/../lib/gcc/arm-none-eabi/13.3.1/../../../../arm-none-eabi/lib/thumb/v7e-m+fp/hard\libc_nano.a(libc_a-mallocr.o)
                0x200003d8                __malloc_free_list
 *(COMMON)
                0x200003dc                        . = ALIGN (0x4)
                0x200003dc                        _ebss = .
                0x200003dc                        __bss_end__ = _ebss

._user_heap_stack
                0x200003dc      0x604 load address 0x08006000
                0x200003e0                        . = ALIGN (0x8)
 *fill*         0x200003dc        0x4 
                [!provide]                        PROVIDE (end = .)
                0x200003e0                        PROVIDE (_end = .)
                0x200005e0                        . = (. + _Min_Heap_Size)
 *fill*         0x200003e0      0x200 
                0x200009e0                        . = (. + _Min_Stack_Size)
 *fill*         0x200005e0      0x400 
                0x200009e0                        . = ALIGN (0x8)

/DISCARD/
 libc.a(*)
 libm.a(*)
 libgcc.a(*)

.ARM.attributes
                0x00000000       0x30
 *(.ARM.attributes)
 .ARM.attributes
                0x00000000       0x22 D:/Program_Files/stm32cubeide/STM32CubeIDE_1.19.0/STM32CubeIDE/plugins/com.st.stm32cube.ide.mcu.externaltools.gnu-tools-for-stm32.13.3.rel1.win32_1.0.0.202411081344/tools/bin/../lib/gcc/arm-none-eabi/13.3.1/thumb/v7e-m+fp/hard/crti.o
 .ARM.attributes
                0x00000022       0x34 D:/Program_Files/stm32cubeide/STM32CubeIDE_1.19.0/STM32CubeIDE/plugins/com.st.stm32cube.ide.mcu.externaltools.gnu-tools-for-stm32.13.3.rel1.win32_1.0.0.202411081344/tools/bin/../lib/gcc/arm-none-eabi/13.3.1/thumb/v7e-m+fp/hard/crtbegin.o
 .ARM.attributes
                0x00000056       0x34 ./Core/Src/i2c-lcd.o
 .ARM.attributes
                0x0000008a       0x34 ./Core/Src/main.o
 .ARM.attributes
                0x000000be       0x34 ./Core/Src/stm32f4xx_hal_msp.o
 .ARM.attributes
                0x000000f2       0x34 ./Core/Src/stm32f4xx_it.o
 .ARM.attributes
                0x00000126       0x34 ./Core/Src/sysmem.o
 .ARM.attributes
                0x0000015a       0x34 ./Core/Src/system_stm32f4xx.o
 .ARM.attributes
                0x0000018e       0x21 ./Core/Startup/startup_stm32f446retx.o
 .ARM.attributes
                0x000001af       0x34 ./Drivers/STM32F4xx_HAL_Driver/Src/stm32f4xx_hal.o
 .ARM.attributes
                0x000001e3       0x34 ./Drivers/STM32F4xx_HAL_Driver/Src/stm32f4xx_hal_adc.o
 .ARM.attributes
                0x00000217       0x34 ./Drivers/STM32F4xx_HAL_Driver/Src/stm32f4xx_hal_can.o
 .ARM.attributes
                0x0000024b       0x34 ./Drivers/STM32F4xx_HAL_Driver/Src/stm32f4xx_hal_cortex.o
 .ARM.attributes
                0x0000027f       0x34 ./Drivers/STM32F4xx_HAL_Driver/Src/stm32f4xx_hal_gpio.o
 .ARM.attributes
                0x000002b3       0x34 ./Drivers/STM32F4xx_HAL_Driver/Src/stm32f4xx_hal_i2c.o
 .ARM.attributes
                0x000002e7       0x34 ./Drivers/STM32F4xx_HAL_Driver/Src/stm32f4xx_hal_rcc.o
 .ARM.attributes
                0x0000031b       0x34 ./Drivers/STM32F4xx_HAL_Driver/Src/stm32f4xx_hal_rcc_ex.o
 .ARM.attributes
                0x0000034f       0x34 ./Drivers/STM32F4xx_HAL_Driver/Src/stm32f4xx_hal_uart.o
 .ARM.attributes
                0x00000383       0x34 D:/Program_Files/stm32cubeide/STM32CubeIDE_1.19.0/STM32CubeIDE/plugins/com.st.stm32cube.ide.mcu.externaltools.gnu-tools-for-stm32.13.3.rel1.win32_1.0.0.202411081344/tools/bin/../lib/gcc/arm-none-eabi/13.3.1/../../../../arm-none-eabi/lib/thumb/v7e-m+fp/hard\libc_nano.a(libc_a-findfp.o)
 .ARM.attributes
                0x000003b7       0x34 D:/Program_Files/stm32cubeide/STM32CubeIDE_1.19.0/STM32CubeIDE/plugins/com.st.stm32cube.ide.mcu.externaltools.gnu-tools-for-stm32.13.3.rel1.win32_1.0.0.202411081344/tools/bin/../lib/gcc/arm-none-eabi/13.3.1/../../../../arm-none-eabi/lib/thumb/v7e-m+fp/hard\libc_nano.a(libc_a-sprintf.o)
 .ARM.attributes
                0x000003eb       0x34 D:/Program_Files/stm32cubeide/STM32CubeIDE_1.19.0/STM32CubeIDE/plugins/com.st.stm32cube.ide.mcu.externaltools.gnu-tools-for-stm32.13.3.rel1.win32_1.0.0.202411081344/tools/bin/../lib/gcc/arm-none-eabi/13.3.1/../../../../arm-none-eabi/lib/thumb/v7e-m+fp/hard\libc_nano.a(libc_a-vsnprintf.o)
 .ARM.attributes
                0x0000041f       0x34 D:/Program_Files/stm32cubeide/STM32CubeIDE_1.19.0/STM32CubeIDE/plugins/com.st.stm32cube.ide.mcu.externaltools.gnu-tools-for-stm32.13.3.rel1.win32_1.0.0.202411081344/tools/bin/../lib/gcc/arm-none-eabi/13.3.1/../../../../arm-none-eabi/lib/thumb/v7e-m+fp/hard\libc_nano.a(libc_a-memset.o)
 .ARM.attributes
                0x00000453       0x34 D:/Program_Files/stm32cubeide/STM32CubeIDE_1.19.0/STM32CubeIDE/plugins/com.st.stm32cube.ide.mcu.externaltools.gnu-tools-for-stm32.13.3.rel1.win32_1.0.0.202411081344/tools/bin/../lib/gcc/arm-none-eabi/13.3.1/../../../../arm-none-eabi/lib/thumb/v7e-m+fp/hard\libc_nano.a(libc_a-reent.o)
 .ARM.attributes
                0x00000487       0x34 D:/Program_Files/stm32cubeide/STM32CubeIDE_1.19.0/STM32CubeIDE/plugins/com.st.stm32cube.ide.mcu.externaltools.gnu-tools-for-stm32.13.3.rel1.win32_1.0.0.202411081344/tools/bin/../lib/gcc/arm-none-eabi/13.3.1/../../../../arm-none-eabi/lib/thumb/v7e-m+fp/hard\libc_nano.a(libc_a-impure.o)
 .ARM.attributes
                0x000004bb       0x34 D:/Program_Files/stm32cubeide/STM32CubeIDE_1.19.0/STM32CubeIDE/plugins/com.st.stm32cube.ide.mcu.externaltools.gnu-tools-for-stm32.13.3.rel1.win32_1.0.0.202411081344/tools/bin/../lib/gcc/arm-none-eabi/13.3.1/../../../../arm-none-eabi/lib/thumb/v7e-m+fp/hard\libc_nano.a(libc_a-errno.o)
 .ARM.attributes
                0x000004ef       0x34 D:/Program_Files/stm32cubeide/STM32CubeIDE_1.19.0/STM32CubeIDE/plugins/com.st.stm32cube.ide.mcu.externaltools.gnu-tools-for-stm32.13.3.rel1.win32_1.0.0.202411081344/tools/bin/../lib/gcc/arm-none-eabi/13.3.1/../../../../arm-none-eabi/lib/thumb/v7e-m+fp/hard\libc_nano.a(libc_a-init.o)
 .ARM.attributes
                0x00000523       0x34 D:/Program_Files/stm32cubeide/STM32CubeIDE_1.19.0/STM32CubeIDE/plugins/com.st.stm32cube.ide.mcu.externaltools.gnu-tools-for-stm32.13.3.rel1.win32_1.0.0.202411081344/tools/bin/../lib/gcc/arm-none-eabi/13.3.1/../../../../arm-none-eabi/lib/thumb/v7e-m+fp/hard\libc_nano.a(libc_a-lock.o)
 .ARM.attributes
                0x00000557       0x17 D:/Program_Files/stm32cubeide/STM32CubeIDE_1.19.0/STM32CubeIDE/plugins/com.st.stm32cube.ide.mcu.externaltools.gnu-tools-for-stm32.13.3.rel1.win32_1.0.0.202411081344/tools/bin/../lib/gcc/arm-none-eabi/13.3.1/../../../../arm-none-eabi/lib/thumb/v7e-m+fp/hard\libc_nano.a(libc_a-strlen.o)
 .ARM.attributes
                0x0000056e       0x34 D:/Program_Files/stm32cubeide/STM32CubeIDE_1.19.0/STM32CubeIDE/plugins/com.st.stm32cube.ide.mcu.externaltools.gnu-tools-for-stm32.13.3.rel1.win32_1.0.0.202411081344/tools/bin/../lib/gcc/arm-none-eabi/13.3.1/../../../../arm-none-eabi/lib/thumb/v7e-m+fp/hard\libc_nano.a(libc_a-freer.o)
 .ARM.attributes
                0x000005a2       0x34 D:/Program_Files/stm32cubeide/STM32CubeIDE_1.19.0/STM32CubeIDE/plugins/com.st.stm32cube.ide.mcu.externaltools.gnu-tools-for-stm32.13.3.rel1.win32_1.0.0.202411081344/tools/bin/../lib/gcc/arm-none-eabi/13.3.1/../../../../arm-none-eabi/lib/thumb/v7e-m+fp/hard\libc_nano.a(libc_a-mallocr.o)
 .ARM.attributes
                0x000005d6       0x34 D:/Program_Files/stm32cubeide/STM32CubeIDE_1.19.0/STM32CubeIDE/plugins/com.st.stm32cube.ide.mcu.externaltools.gnu-tools-for-stm32.13.3.rel1.win32_1.0.0.202411081344/tools/bin/../lib/gcc/arm-none-eabi/13.3.1/../../../../arm-none-eabi/lib/thumb/v7e-m+fp/hard\libc_nano.a(libc_a-mlock.o)
 .ARM.attributes
                0x0000060a       0x34 D:/Program_Files/stm32cubeide/STM32CubeIDE_1.19.0/STM32CubeIDE/plugins/com.st.stm32cube.ide.mcu.externaltools.gnu-tools-for-stm32.13.3.rel1.win32_1.0.0.202411081344/tools/bin/../lib/gcc/arm-none-eabi/13.3.1/../../../../arm-none-eabi/lib/thumb/v7e-m+fp/hard\libc_nano.a(libc_a-nano-svfprintf.o)
 .ARM.attributes
                0x0000063e       0x34 D:/Program_Files/stm32cubeide/STM32CubeIDE_1.19.0/STM32CubeIDE/plugins/com.st.stm32cube.ide.mcu.externaltools.gnu-tools-for-stm32.13.3.rel1.win32_1.0.0.202411081344/tools/bin/../lib/gcc/arm-none-eabi/13.3.1/../../../../arm-none-eabi/lib/thumb/v7e-m+fp/hard\libc_nano.a(libc_a-nano-vfprintf_i.o)
 .ARM.attributes
                0x00000672       0x34 D:/Program_Files/stm32cubeide/STM32CubeIDE_1.19.0/STM32CubeIDE/plugins/com.st.stm32cube.ide.mcu.externaltools.gnu-tools-for-stm32.13.3.rel1.win32_1.0.0.202411081344/tools/bin/../lib/gcc/arm-none-eabi/13.3.1/../../../../arm-none-eabi/lib/thumb/v7e-m+fp/hard\libc_nano.a(libc_a-memmove.o)
 .ARM.attributes
                0x000006a6       0x34 D:/Program_Files/stm32cubeide/STM32CubeIDE_1.19.0/STM32CubeIDE/plugins/com.st.stm32cube.ide.mcu.externaltools.gnu-tools-for-stm32.13.3.rel1.win32_1.0.0.202411081344/tools/bin/../lib/gcc/arm-none-eabi/13.3.1/../../../../arm-none-eabi/lib/thumb/v7e-m+fp/hard\libc_nano.a(libc_a-sbrkr.o)
 .ARM.attributes
                0x000006da       0x1c D:/Program_Files/stm32cubeide/STM32CubeIDE_1.19.0/STM32CubeIDE/plugins/com.st.stm32cube.ide.mcu.externaltools.gnu-tools-for-stm32.13.3.rel1.win32_1.0.0.202411081344/tools/bin/../lib/gcc/arm-none-eabi/13.3.1/../../../../arm-none-eabi/lib/thumb/v7e-m+fp/hard\libc_nano.a(libc_a-memchr.o)
 .ARM.attributes
                0x000006f6       0x34 D:/Program_Files/stm32cubeide/STM32CubeIDE_1.19.0/STM32CubeIDE/plugins/com.st.stm32cube.ide.mcu.externaltools.gnu-tools-for-stm32.13.3.rel1.win32_1.0.0.202411081344/tools/bin/../lib/gcc/arm-none-eabi/13.3.1/../../../../arm-none-eabi/lib/thumb/v7e-m+fp/hard\libc_nano.a(libc_a-memcpy-stub.o)
 .ARM.attributes
                0x0000072a       0x34 D:/Program_Files/stm32cubeide/STM32CubeIDE_1.19.0/STM32CubeIDE/plugins/com.st.stm32cube.ide.mcu.externaltools.gnu-tools-for-stm32.13.3.rel1.win32_1.0.0.202411081344/tools/bin/../lib/gcc/arm-none-eabi/13.3.1/../../../../arm-none-eabi/lib/thumb/v7e-m+fp/hard\libc_nano.a(libc_a-reallocr.o)
 .ARM.attributes
                0x0000075e       0x34 D:/Program_Files/stm32cubeide/STM32CubeIDE_1.19.0/STM32CubeIDE/plugins/com.st.stm32cube.ide.mcu.externaltools.gnu-tools-for-stm32.13.3.rel1.win32_1.0.0.202411081344/tools/bin/../lib/gcc/arm-none-eabi/13.3.1/../../../../arm-none-eabi/lib/thumb/v7e-m+fp/hard\libc_nano.a(libc_a-msizer.o)
 .ARM.attributes
                0x00000792       0x22 D:/Program_Files/stm32cubeide/STM32CubeIDE_1.19.0/STM32CubeIDE/plugins/com.st.stm32cube.ide.mcu.externaltools.gnu-tools-for-stm32.13.3.rel1.win32_1.0.0.202411081344/tools/bin/../lib/gcc/arm-none-eabi/13.3.1/thumb/v7e-m+fp/hard\libgcc.a(_aeabi_uldivmod.o)
 .ARM.attributes
                0x000007b4       0x34 D:/Program_Files/stm32cubeide/STM32CubeIDE_1.19.0/STM32CubeIDE/plugins/com.st.stm32cube.ide.mcu.externaltools.gnu-tools-for-stm32.13.3.rel1.win32_1.0.0.202411081344/tools/bin/../lib/gcc/arm-none-eabi/13.3.1/thumb/v7e-m+fp/hard\libgcc.a(_udivmoddi4.o)
 .ARM.attributes
                0x000007e8       0x22 D:/Program_Files/stm32cubeide/STM32CubeIDE_1.19.0/STM32CubeIDE/plugins/com.st.stm32cube.ide.mcu.externaltools.gnu-tools-for-stm32.13.3.rel1.win32_1.0.0.202411081344/tools/bin/../lib/gcc/arm-none-eabi/13.3.1/thumb/v7e-m+fp/hard\libgcc.a(_dvmd_tls.o)
 .ARM.attributes
                0x0000080a       0x22 D:/Program_Files/stm32cubeide/STM32CubeIDE_1.19.0/STM32CubeIDE/plugins/com.st.stm32cube.ide.mcu.externaltools.gnu-tools-for-stm32.13.3.rel1.win32_1.0.0.202411081344/tools/bin/../lib/gcc/arm-none-eabi/13.3.1/thumb/v7e-m+fp/hard/crtn.o
OUTPUT(F446_MAIN_2.elf elf32-littlearm)
LOAD linker stubs
LOAD D:/Program_Files/stm32cubeide/STM32CubeIDE_1.19.0/STM32CubeIDE/plugins/com.st.stm32cube.ide.mcu.externaltools.gnu-tools-for-stm32.13.3.rel1.win32_1.0.0.202411081344/tools/bin/../lib/gcc/arm-none-eabi/13.3.1/../../../../arm-none-eabi/lib/thumb/v7e-m+fp/hard\libc.a
LOAD D:/Program_Files/stm32cubeide/STM32CubeIDE_1.19.0/STM32CubeIDE/plugins/com.st.stm32cube.ide.mcu.externaltools.gnu-tools-for-stm32.13.3.rel1.win32_1.0.0.202411081344/tools/bin/../lib/gcc/arm-none-eabi/13.3.1/../../../../arm-none-eabi/lib/thumb/v7e-m+fp/hard\libm.a
LOAD D:/Program_Files/stm32cubeide/STM32CubeIDE_1.19.0/STM32CubeIDE/plugins/com.st.stm32cube.ide.mcu.externaltools.gnu-tools-for-stm32.13.3.rel1.win32_1.0.0.202411081344/tools/bin/../lib/gcc/arm-none-eabi/13.3.1/thumb/v7e-m+fp/hard\libgcc.a

.debug_info     0x00000000     0xe7d2
 .debug_info    0x00000000      0x76b ./Core/Src/i2c-lcd.o
 .debug_info    0x0000076b     0x21e5 ./Core/Src/main.o
 .debug_info    0x00002950     0x1649 ./Core/Src/stm32f4xx_hal_msp.o
 .debug_info    0x00003f99      0x112 ./Core/Src/stm32f4xx_it.o
 .debug_info    0x000040ab      0x168 ./Core/Src/sysmem.o
 .debug_info    0x00004213      0x54a ./Core/Src/system_stm32f4xx.o
 .debug_info    0x0000475d       0x30 ./Core/Startup/startup_stm32f446retx.o
 .debug_info    0x0000478d      0x99a ./Drivers/STM32F4xx_HAL_Driver/Src/stm32f4xx_hal.o
 .debug_info    0x00005127      0xce3 ./Drivers/STM32F4xx_HAL_Driver/Src/stm32f4xx_hal_adc.o
 .debug_info    0x00005e0a      0xf44 ./Drivers/STM32F4xx_HAL_Driver/Src/stm32f4xx_hal_can.o
 .debug_info    0x00006d4e      0xdaa ./Drivers/STM32F4xx_HAL_Driver/Src/stm32f4xx_hal_cortex.o
 .debug_info    0x00007af8      0x70b ./Drivers/STM32F4xx_HAL_Driver/Src/stm32f4xx_hal_gpio.o
 .debug_info    0x00008203     0x2421 ./Drivers/STM32F4xx_HAL_Driver/Src/stm32f4xx_hal_i2c.o
 .debug_info    0x0000a624      0x8ff ./Drivers/STM32F4xx_HAL_Driver/Src/stm32f4xx_hal_rcc.o
 .debug_info    0x0000af23      0x960 ./Drivers/STM32F4xx_HAL_Driver/Src/stm32f4xx_hal_rcc_ex.o
 .debug_info    0x0000b883     0x2f4f ./Drivers/STM32F4xx_HAL_Driver/Src/stm32f4xx_hal_uart.o

.debug_abbrev   0x00000000     0x2042
 .debug_abbrev  0x00000000      0x1d3 ./Core/Src/i2c-lcd.o
 .debug_abbrev  0x000001d3      0x391 ./Core/Src/main.o
 .debug_abbrev  0x00000564      0x23d ./Core/Src/stm32f4xx_hal_msp.o
 .debug_abbrev  0x000007a1       0x73 ./Core/Src/stm32f4xx_it.o
 .debug_abbrev  0x00000814       0xbc ./Core/Src/sysmem.o
 .debug_abbrev  0x000008d0      0x11a ./Core/Src/system_stm32f4xx.o
 .debug_abbrev  0x000009ea       0x24 ./Core/Startup/startup_stm32f446retx.o
 .debug_abbrev  0x00000a0e      0x214 ./Drivers/STM32F4xx_HAL_Driver/Src/stm32f4xx_hal.o
 .debug_abbrev  0x00000c22      0x252 ./Drivers/STM32F4xx_HAL_Driver/Src/stm32f4xx_hal_adc.o
 .debug_abbrev  0x00000e74      0x25a ./Drivers/STM32F4xx_HAL_Driver/Src/stm32f4xx_hal_can.o
 .debug_abbrev  0x000010ce      0x31d ./Drivers/STM32F4xx_HAL_Driver/Src/stm32f4xx_hal_cortex.o
 .debug_abbrev  0x000013eb      0x1d4 ./Drivers/STM32F4xx_HAL_Driver/Src/stm32f4xx_hal_gpio.o
 .debug_abbrev  0x000015bf      0x2ad ./Drivers/STM32F4xx_HAL_Driver/Src/stm32f4xx_hal_i2c.o
 .debug_abbrev  0x0000186c      0x2b7 ./Drivers/STM32F4xx_HAL_Driver/Src/stm32f4xx_hal_rcc.o
 .debug_abbrev  0x00001b23      0x211 ./Drivers/STM32F4xx_HAL_Driver/Src/stm32f4xx_hal_rcc_ex.o
 .debug_abbrev  0x00001d34      0x30e ./Drivers/STM32F4xx_HAL_Driver/Src/stm32f4xx_hal_uart.o

.debug_aranges  0x00000000      0xc50
 .debug_aranges
                0x00000000       0x48 ./Core/Src/i2c-lcd.o
 .debug_aranges
                0x00000048       0x90 ./Core/Src/main.o
 .debug_aranges
                0x000000d8       0x60 ./Core/Src/stm32f4xx_hal_msp.o
 .debug_aranges
                0x00000138       0x60 ./Core/Src/stm32f4xx_it.o
 .debug_aranges
                0x00000198       0x20 ./Core/Src/sysmem.o
 .debug_aranges
                0x000001b8       0x28 ./Core/Src/system_stm32f4xx.o
 .debug_aranges
                0x000001e0       0x28 ./Core/Startup/startup_stm32f446retx.o
 .debug_aranges
                0x00000208       0xf0 ./Drivers/STM32F4xx_HAL_Driver/Src/stm32f4xx_hal.o
 .debug_aranges
                0x000002f8       0xe8 ./Drivers/STM32F4xx_HAL_Driver/Src/stm32f4xx_hal_adc.o
 .debug_aranges
                0x000003e0      0x138 ./Drivers/STM32F4xx_HAL_Driver/Src/stm32f4xx_hal_can.o
 .debug_aranges
                0x00000518      0x130 ./Drivers/STM32F4xx_HAL_Driver/Src/stm32f4xx_hal_cortex.o
 .debug_aranges
                0x00000648       0x58 ./Drivers/STM32F4xx_HAL_Driver/Src/stm32f4xx_hal_gpio.o
 .debug_aranges
                0x000006a0      0x2a8 ./Drivers/STM32F4xx_HAL_Driver/Src/stm32f4xx_hal_i2c.o
 .debug_aranges
                0x00000948       0x88 ./Drivers/STM32F4xx_HAL_Driver/Src/stm32f4xx_hal_rcc.o
 .debug_aranges
                0x000009d0       0x78 ./Drivers/STM32F4xx_HAL_Driver/Src/stm32f4xx_hal_rcc_ex.o
 .debug_aranges
                0x00000a48      0x208 ./Drivers/STM32F4xx_HAL_Driver/Src/stm32f4xx_hal_uart.o

.debug_rnglists
                0x00000000      0x99e
 .debug_rnglists
                0x00000000       0x31 ./Core/Src/i2c-lcd.o
 .debug_rnglists
                0x00000031       0x70 ./Core/Src/main.o
 .debug_rnglists
                0x000000a1       0x47 ./Core/Src/stm32f4xx_hal_msp.o
 .debug_rnglists
                0x000000e8       0x43 ./Core/Src/stm32f4xx_it.o
 .debug_rnglists
                0x0000012b       0x13 ./Core/Src/sysmem.o
 .debug_rnglists
                0x0000013e       0x1a ./Core/Src/system_stm32f4xx.o
 .debug_rnglists
                0x00000158       0x19 ./Core/Startup/startup_stm32f446retx.o
 .debug_rnglists
                0x00000171       0xaf ./Drivers/STM32F4xx_HAL_Driver/Src/stm32f4xx_hal.o
 .debug_rnglists
                0x00000220       0xb5 ./Drivers/STM32F4xx_HAL_Driver/Src/stm32f4xx_hal_adc.o
 .debug_rnglists
                0x000002d5       0xee ./Drivers/STM32F4xx_HAL_Driver/Src/stm32f4xx_hal_can.o
 .debug_rnglists
                0x000003c3       0xe0 ./Drivers/STM32F4xx_HAL_Driver/Src/stm32f4xx_hal_cortex.o
 .debug_rnglists
                0x000004a3       0x3f ./Drivers/STM32F4xx_HAL_Driver/Src/stm32f4xx_hal_gpio.o
 .debug_rnglists
                0x000004e2      0x23c ./Drivers/STM32F4xx_HAL_Driver/Src/stm32f4xx_hal_i2c.o
 .debug_rnglists
                0x0000071e       0x66 ./Drivers/STM32F4xx_HAL_Driver/Src/stm32f4xx_hal_rcc.o
 .debug_rnglists
                0x00000784       0x5e ./Drivers/STM32F4xx_HAL_Driver/Src/stm32f4xx_hal_rcc_ex.o
 .debug_rnglists
                0x000007e2      0x1bc ./Drivers/STM32F4xx_HAL_Driver/Src/stm32f4xx_hal_uart.o

.debug_macro    0x00000000    0x2344b
 .debug_macro   0x00000000      0x215 ./Core/Src/i2c-lcd.o
 .debug_macro   0x00000215      0xad8 ./Core/Src/i2c-lcd.o
 .debug_macro   0x00000ced      0x2a7 ./Core/Src/i2c-lcd.o
 .debug_macro   0x00000f94       0x2e ./Core/Src/i2c-lcd.o
 .debug_macro   0x00000fc2       0x28 ./Core/Src/i2c-lcd.o
 .debug_macro   0x00000fea       0x22 ./Core/Src/i2c-lcd.o
 .debug_macro   0x0000100c       0x8e ./Core/Src/i2c-lcd.o
 .debug_macro   0x0000109a       0x51 ./Core/Src/i2c-lcd.o
 .debug_macro   0x000010eb      0x103 ./Core/Src/i2c-lcd.o
 .debug_macro   0x000011ee       0x6a ./Core/Src/i2c-lcd.o
 .debug_macro   0x00001258      0x1df ./Core/Src/i2c-lcd.o
 .debug_macro   0x00001437       0x1c ./Core/Src/i2c-lcd.o
 .debug_macro   0x00001453       0x22 ./Core/Src/i2c-lcd.o
 .debug_macro   0x00001475       0xfb ./Core/Src/i2c-lcd.o
 .debug_macro   0x00001570     0x1011 ./Core/Src/i2c-lcd.o
 .debug_macro   0x00002581      0x11f ./Core/Src/i2c-lcd.o
 .debug_macro   0x000026a0    0x1675e ./Core/Src/i2c-lcd.o
 .debug_macro   0x00018dfe       0x6d ./Core/Src/i2c-lcd.o
 .debug_macro   0x00018e6b     0x3693 ./Core/Src/i2c-lcd.o
 .debug_macro   0x0001c4fe      0x190 ./Core/Src/i2c-lcd.o
 .debug_macro   0x0001c68e       0x5c ./Core/Src/i2c-lcd.o
 .debug_macro   0x0001c6ea      0xca5 ./Core/Src/i2c-lcd.o
 .debug_macro   0x0001d38f      0x9e9 ./Core/Src/i2c-lcd.o
 .debug_macro   0x0001dd78      0x115 ./Core/Src/i2c-lcd.o
 .debug_macro   0x0001de8d      0x1a0 ./Core/Src/i2c-lcd.o
 .debug_macro   0x0001e02d       0xa5 ./Core/Src/i2c-lcd.o
 .debug_macro   0x0001e0d2      0x16d ./Core/Src/i2c-lcd.o
 .debug_macro   0x0001e23f      0x287 ./Core/Src/i2c-lcd.o
 .debug_macro   0x0001e4c6       0x5f ./Core/Src/i2c-lcd.o
 .debug_macro   0x0001e525      0x236 ./Core/Src/i2c-lcd.o
 .debug_macro   0x0001e75b      0xb5b ./Core/Src/i2c-lcd.o
 .debug_macro   0x0001f2b6      0x38b ./Core/Src/i2c-lcd.o
 .debug_macro   0x0001f641      0x17d ./Core/Src/i2c-lcd.o
 .debug_macro   0x0001f7be       0xf9 ./Core/Src/i2c-lcd.o
 .debug_macro   0x0001f8b7      0x40f ./Core/Src/i2c-lcd.o
 .debug_macro   0x0001fcc6      0x132 ./Core/Src/i2c-lcd.o
 .debug_macro   0x0001fdf8      0x29c ./Core/Src/i2c-lcd.o
 .debug_macro   0x00020094       0x2e ./Core/Src/i2c-lcd.o
 .debug_macro   0x000200c2      0x1b5 ./Core/Src/i2c-lcd.o
 .debug_macro   0x00020277       0x22 ./Core/Src/i2c-lcd.o
 .debug_macro   0x00020299       0xd6 ./Core/Src/i2c-lcd.o
 .debug_macro   0x0002036f      0x127 ./Core/Src/i2c-lcd.o
 .debug_macro   0x00020496       0xe8 ./Core/Src/i2c-lcd.o
 .debug_macro   0x0002057e       0x89 ./Core/Src/i2c-lcd.o
 .debug_macro   0x00020607      0x2aa ./Core/Src/i2c-lcd.o
 .debug_macro   0x000208b1      0x126 ./Core/Src/i2c-lcd.o
 .debug_macro   0x000209d7      0x362 ./Core/Src/main.o
 .debug_macro   0x00020d39       0x88 ./Core/Src/main.o
 .debug_macro   0x00020dc1       0x58 ./Core/Src/main.o
 .debug_macro   0x00020e19       0x61 ./Core/Src/main.o
 .debug_macro   0x00020e7a       0x2a ./Core/Src/main.o
 .debug_macro   0x00020ea4       0x43 ./Core/Src/main.o
 .debug_macro   0x00020ee7       0x34 ./Core/Src/main.o
 .debug_macro   0x00020f1b       0x16 ./Core/Src/main.o
 .debug_macro   0x00020f31       0x3c ./Core/Src/main.o
 .debug_macro   0x00020f6d      0x370 ./Core/Src/main.o
 .debug_macro   0x000212dd       0x16 ./Core/Src/main.o
 .debug_macro   0x000212f3       0x4a ./Core/Src/main.o
 .debug_macro   0x0002133d       0x34 ./Core/Src/main.o
 .debug_macro   0x00021371       0x10 ./Core/Src/main.o
 .debug_macro   0x00021381       0x58 ./Core/Src/main.o
 .debug_macro   0x000213d9       0x8e ./Core/Src/main.o
 .debug_macro   0x00021467       0x1c ./Core/Src/main.o
 .debug_macro   0x00021483      0x185 ./Core/Src/main.o
 .debug_macro   0x00021608       0x16 ./Core/Src/main.o
 .debug_macro   0x0002161e       0x16 ./Core/Src/main.o
 .debug_macro   0x00021634      0x146 ./Core/Src/main.o
 .debug_macro   0x0002177a       0x16 ./Core/Src/main.o
 .debug_macro   0x00021790       0x20 ./Core/Src/main.o
 .debug_macro   0x000217b0      0x214 ./Core/Src/stm32f4xx_hal_msp.o
 .debug_macro   0x000219c4      0x21e ./Core/Src/stm32f4xx_it.o
 .debug_macro   0x00021be2      0x112 ./Core/Src/sysmem.o
 .debug_macro   0x00021cf4      0x23c ./Core/Src/sysmem.o
 .debug_macro   0x00021f30      0x205 ./Core/Src/system_stm32f4xx.o
 .debug_macro   0x00022135      0x265 ./Drivers/STM32F4xx_HAL_Driver/Src/stm32f4xx_hal.o
 .debug_macro   0x0002239a      0x206 ./Drivers/STM32F4xx_HAL_Driver/Src/stm32f4xx_hal_adc.o
 .debug_macro   0x000225a0      0x214 ./Drivers/STM32F4xx_HAL_Driver/Src/stm32f4xx_hal_can.o
 .debug_macro   0x000227b4      0x205 ./Drivers/STM32F4xx_HAL_Driver/Src/stm32f4xx_hal_cortex.o
 .debug_macro   0x000229b9      0x20b ./Drivers/STM32F4xx_HAL_Driver/Src/stm32f4xx_hal_gpio.o
 .debug_macro   0x00022bc4      0x253 ./Drivers/STM32F4xx_HAL_Driver/Src/stm32f4xx_hal_i2c.o
 .debug_macro   0x00022e17      0x229 ./Drivers/STM32F4xx_HAL_Driver/Src/stm32f4xx_hal_rcc.o
 .debug_macro   0x00023040      0x205 ./Drivers/STM32F4xx_HAL_Driver/Src/stm32f4xx_hal_rcc_ex.o
 .debug_macro   0x00023245      0x206 ./Drivers/STM32F4xx_HAL_Driver/Src/stm32f4xx_hal_uart.o

.debug_line     0x00000000    0x10280
 .debug_line    0x00000000      0x875 ./Core/Src/i2c-lcd.o
 .debug_line    0x00000875      0xef4 ./Core/Src/main.o
 .debug_line    0x00001769      0x8b8 ./Core/Src/stm32f4xx_hal_msp.o
 .debug_line    0x00002021      0x823 ./Core/Src/stm32f4xx_it.o
 .debug_line    0x00002844      0x570 ./Core/Src/sysmem.o
 .debug_line    0x00002db4      0x7ea ./Core/Src/system_stm32f4xx.o
 .debug_line    0x0000359e       0x7a ./Core/Startup/startup_stm32f446retx.o
 .debug_line    0x00003618      0xa66 ./Drivers/STM32F4xx_HAL_Driver/Src/stm32f4xx_hal.o
 .debug_line    0x0000407e     0x1289 ./Drivers/STM32F4xx_HAL_Driver/Src/stm32f4xx_hal_adc.o
 .debug_line    0x00005307     0x1225 ./Drivers/STM32F4xx_HAL_Driver/Src/stm32f4xx_hal_can.o
 .debug_line    0x0000652c      0xd36 ./Drivers/STM32F4xx_HAL_Driver/Src/stm32f4xx_hal_cortex.o
 .debug_line    0x00007262      0xbaa ./Drivers/STM32F4xx_HAL_Driver/Src/stm32f4xx_hal_gpio.o
 .debug_line    0x00007e0c     0x3b13 ./Drivers/STM32F4xx_HAL_Driver/Src/stm32f4xx_hal_i2c.o
 .debug_line    0x0000b91f      0xe81 ./Drivers/STM32F4xx_HAL_Driver/Src/stm32f4xx_hal_rcc.o
 .debug_line    0x0000c7a0     0x1532 ./Drivers/STM32F4xx_HAL_Driver/Src/stm32f4xx_hal_rcc_ex.o
 .debug_line    0x0000dcd2     0x25ae ./Drivers/STM32F4xx_HAL_Driver/Src/stm32f4xx_hal_uart.o

.debug_str      0x00000000    0xda74f
 .debug_str     0x00000000    0xda74f ./Core/Src/i2c-lcd.o
                              0xd2c94 (size before relaxing)
 .debug_str     0x000da74f    0xd7c08 ./Core/Src/main.o
 .debug_str     0x000da74f    0xd3afb ./Core/Src/stm32f4xx_hal_msp.o
 .debug_str     0x000da74f    0xd2932 ./Core/Src/stm32f4xx_it.o
 .debug_str     0x000da74f     0x7780 ./Core/Src/sysmem.o
 .debug_str     0x000da74f    0xd28ab ./Core/Src/system_stm32f4xx.o
 .debug_str     0x000da74f       0x82 ./Core/Startup/startup_stm32f446retx.o
 .debug_str     0x000da74f    0xd3470 ./Drivers/STM32F4xx_HAL_Driver/Src/stm32f4xx_hal.o
 .debug_str     0x000da74f    0xd2e73 ./Drivers/STM32F4xx_HAL_Driver/Src/stm32f4xx_hal_adc.o
 .debug_str     0x000da74f    0xd2f80 ./Drivers/STM32F4xx_HAL_Driver/Src/stm32f4xx_hal_can.o
 .debug_str     0x000da74f    0xd31c7 ./Drivers/STM32F4xx_HAL_Driver/Src/stm32f4xx_hal_cortex.o
 .debug_str     0x000da74f    0xd2a26 ./Drivers/STM32F4xx_HAL_Driver/Src/stm32f4xx_hal_gpio.o
 .debug_str     0x000da74f    0xd38a9 ./Drivers/STM32F4xx_HAL_Driver/Src/stm32f4xx_hal_i2c.o
 .debug_str     0x000da74f    0xd2ce4 ./Drivers/STM32F4xx_HAL_Driver/Src/stm32f4xx_hal_rcc.o
 .debug_str     0x000da74f    0xd2d17 ./Drivers/STM32F4xx_HAL_Driver/Src/stm32f4xx_hal_rcc_ex.o
 .debug_str     0x000da74f    0xd329b ./Drivers/STM32F4xx_HAL_Driver/Src/stm32f4xx_hal_uart.o

.comment        0x00000000       0x43
 .comment       0x00000000       0x43 ./Core/Src/i2c-lcd.o
                                 0x44 (size before relaxing)
 .comment       0x00000043       0x44 ./Core/Src/main.o
 .comment       0x00000043       0x44 ./Core/Src/stm32f4xx_hal_msp.o
 .comment       0x00000043       0x44 ./Core/Src/stm32f4xx_it.o
 .comment       0x00000043       0x44 ./Core/Src/sysmem.o
 .comment       0x00000043       0x44 ./Core/Src/system_stm32f4xx.o
 .comment       0x00000043       0x44 ./Drivers/STM32F4xx_HAL_Driver/Src/stm32f4xx_hal.o
 .comment       0x00000043       0x44 ./Drivers/STM32F4xx_HAL_Driver/Src/stm32f4xx_hal_adc.o
 .comment       0x00000043       0x44 ./Drivers/STM32F4xx_HAL_Driver/Src/stm32f4xx_hal_can.o
 .comment       0x00000043       0x44 ./Drivers/STM32F4xx_HAL_Driver/Src/stm32f4xx_hal_cortex.o
 .comment       0x00000043       0x44 ./Drivers/STM32F4xx_HAL_Driver/Src/stm32f4xx_hal_gpio.o
 .comment       0x00000043       0x44 ./Drivers/STM32F4xx_HAL_Driver/Src/stm32f4xx_hal_i2c.o
 .comment       0x00000043       0x44 ./Drivers/STM32F4xx_HAL_Driver/Src/stm32f4xx_hal_rcc.o
 .comment       0x00000043       0x44 ./Drivers/STM32F4xx_HAL_Driver/Src/stm32f4xx_hal_rcc_ex.o
 .comment       0x00000043       0x44 ./Drivers/STM32F4xx_HAL_Driver/Src/stm32f4xx_hal_uart.o

.debug_frame    0x00000000     0x3928
 .debug_frame   0x00000000       0xd8 ./Core/Src/i2c-lcd.o
 .debug_frame   0x000000d8      0x21c ./Core/Src/main.o
 .debug_frame   0x000002f4      0x154 ./Core/Src/stm32f4xx_hal_msp.o
 .debug_frame   0x00000448      0x104 ./Core/Src/stm32f4xx_it.o
 .debug_frame   0x0000054c       0x34 ./Core/Src/sysmem.o
 .debug_frame   0x00000580       0x58 ./Core/Src/system_stm32f4xx.o
 .debug_frame   0x000005d8      0x374 ./Drivers/STM32F4xx_HAL_Driver/Src/stm32f4xx_hal.o
 .debug_frame   0x0000094c      0x3fc ./Drivers/STM32F4xx_HAL_Driver/Src/stm32f4xx_hal_adc.o
 .debug_frame   0x00000d48      0x5a0 ./Drivers/STM32F4xx_HAL_Driver/Src/stm32f4xx_hal_can.o
 .debug_frame   0x000012e8      0x508 ./Drivers/STM32F4xx_HAL_Driver/Src/stm32f4xx_hal_cortex.o
 .debug_frame   0x000017f0      0x14c ./Drivers/STM32F4xx_HAL_Driver/Src/stm32f4xx_hal_gpio.o
 .debug_frame   0x0000193c      0xc84 ./Drivers/STM32F4xx_HAL_Driver/Src/stm32f4xx_hal_i2c.o
 .debug_frame   0x000025c0      0x1f4 ./Drivers/STM32F4xx_HAL_Driver/Src/stm32f4xx_hal_rcc.o
 .debug_frame   0x000027b4      0x1e8 ./Drivers/STM32F4xx_HAL_Driver/Src/stm32f4xx_hal_rcc_ex.o
 .debug_frame   0x0000299c      0x954 ./Drivers/STM32F4xx_HAL_Driver/Src/stm32f4xx_hal_uart.o
 .debug_frame   0x000032f0      0x144 D:/Program_Files/stm32cubeide/STM32CubeIDE_1.19.0/STM32CubeIDE/plugins/com.st.stm32cube.ide.mcu.externaltools.gnu-tools-for-stm32.13.3.rel1.win32_1.0.0.202411081344/tools/bin/../lib/gcc/arm-none-eabi/13.3.1/../../../../arm-none-eabi/lib/thumb/v7e-m+fp/hard\libc_nano.a(libc_a-findfp.o)
 .debug_frame   0x00003434       0x74 D:/Program_Files/stm32cubeide/STM32CubeIDE_1.19.0/STM32CubeIDE/plugins/com.st.stm32cube.ide.mcu.externaltools.gnu-tools-for-stm32.13.3.rel1.win32_1.0.0.202411081344/tools/bin/../lib/gcc/arm-none-eabi/13.3.1/../../../../arm-none-eabi/lib/thumb/v7e-m+fp/hard\libc_nano.a(libc_a-sprintf.o)
 .debug_frame   0x000034a8       0x4c D:/Program_Files/stm32cubeide/STM32CubeIDE_1.19.0/STM32CubeIDE/plugins/com.st.stm32cube.ide.mcu.externaltools.gnu-tools-for-stm32.13.3.rel1.win32_1.0.0.202411081344/tools/bin/../lib/gcc/arm-none-eabi/13.3.1/../../../../arm-none-eabi/lib/thumb/v7e-m+fp/hard\libc_nano.a(libc_a-vsnprintf.o)
 .debug_frame   0x000034f4       0x20 D:/Program_Files/stm32cubeide/STM32CubeIDE_1.19.0/STM32CubeIDE/plugins/com.st.stm32cube.ide.mcu.externaltools.gnu-tools-for-stm32.13.3.rel1.win32_1.0.0.202411081344/tools/bin/../lib/gcc/arm-none-eabi/13.3.1/../../../../arm-none-eabi/lib/thumb/v7e-m+fp/hard\libc_nano.a(libc_a-memset.o)
 .debug_frame   0x00003514       0x38 D:/Program_Files/stm32cubeide/STM32CubeIDE_1.19.0/STM32CubeIDE/plugins/com.st.stm32cube.ide.mcu.externaltools.gnu-tools-for-stm32.13.3.rel1.win32_1.0.0.202411081344/tools/bin/../lib/gcc/arm-none-eabi/13.3.1/../../../../arm-none-eabi/lib/thumb/v7e-m+fp/hard\libc_nano.a(libc_a-reent.o)
 .debug_frame   0x0000354c       0x20 D:/Program_Files/stm32cubeide/STM32CubeIDE_1.19.0/STM32CubeIDE/plugins/com.st.stm32cube.ide.mcu.externaltools.gnu-tools-for-stm32.13.3.rel1.win32_1.0.0.202411081344/tools/bin/../lib/gcc/arm-none-eabi/13.3.1/../../../../arm-none-eabi/lib/thumb/v7e-m+fp/hard\libc_nano.a(libc_a-errno.o)
 .debug_frame   0x0000356c       0x2c D:/Program_Files/stm32cubeide/STM32CubeIDE_1.19.0/STM32CubeIDE/plugins/com.st.stm32cube.ide.mcu.externaltools.gnu-tools-for-stm32.13.3.rel1.win32_1.0.0.202411081344/tools/bin/../lib/gcc/arm-none-eabi/13.3.1/../../../../arm-none-eabi/lib/thumb/v7e-m+fp/hard\libc_nano.a(libc_a-init.o)
 .debug_frame   0x00003598       0xb0 D:/Program_Files/stm32cubeide/STM32CubeIDE_1.19.0/STM32CubeIDE/plugins/com.st.stm32cube.ide.mcu.externaltools.gnu-tools-for-stm32.13.3.rel1.win32_1.0.0.202411081344/tools/bin/../lib/gcc/arm-none-eabi/13.3.1/../../../../arm-none-eabi/lib/thumb/v7e-m+fp/hard\libc_nano.a(libc_a-lock.o)
 .debug_frame   0x00003648       0x38 D:/Program_Files/stm32cubeide/STM32CubeIDE_1.19.0/STM32CubeIDE/plugins/com.st.stm32cube.ide.mcu.externaltools.gnu-tools-for-stm32.13.3.rel1.win32_1.0.0.202411081344/tools/bin/../lib/gcc/arm-none-eabi/13.3.1/../../../../arm-none-eabi/lib/thumb/v7e-m+fp/hard\libc_nano.a(libc_a-freer.o)
 .debug_frame   0x00003680       0x50 D:/Program_Files/stm32cubeide/STM32CubeIDE_1.19.0/STM32CubeIDE/plugins/com.st.stm32cube.ide.mcu.externaltools.gnu-tools-for-stm32.13.3.rel1.win32_1.0.0.202411081344/tools/bin/../lib/gcc/arm-none-eabi/13.3.1/../../../../arm-none-eabi/lib/thumb/v7e-m+fp/hard\libc_nano.a(libc_a-mallocr.o)
 .debug_frame   0x000036d0       0x30 D:/Program_Files/stm32cubeide/STM32CubeIDE_1.19.0/STM32CubeIDE/plugins/com.st.stm32cube.ide.mcu.externaltools.gnu-tools-for-stm32.13.3.rel1.win32_1.0.0.202411081344/tools/bin/../lib/gcc/arm-none-eabi/13.3.1/../../../../arm-none-eabi/lib/thumb/v7e-m+fp/hard\libc_nano.a(libc_a-mlock.o)
 .debug_frame   0x00003700       0x90 D:/Program_Files/stm32cubeide/STM32CubeIDE_1.19.0/STM32CubeIDE/plugins/com.st.stm32cube.ide.mcu.externaltools.gnu-tools-for-stm32.13.3.rel1.win32_1.0.0.202411081344/tools/bin/../lib/gcc/arm-none-eabi/13.3.1/../../../../arm-none-eabi/lib/thumb/v7e-m+fp/hard\libc_nano.a(libc_a-nano-svfprintf.o)
 .debug_frame   0x00003790       0x60 D:/Program_Files/stm32cubeide/STM32CubeIDE_1.19.0/STM32CubeIDE/plugins/com.st.stm32cube.ide.mcu.externaltools.gnu-tools-for-stm32.13.3.rel1.win32_1.0.0.202411081344/tools/bin/../lib/gcc/arm-none-eabi/13.3.1/../../../../arm-none-eabi/lib/thumb/v7e-m+fp/hard\libc_nano.a(libc_a-nano-vfprintf_i.o)
 .debug_frame   0x000037f0       0x28 D:/Program_Files/stm32cubeide/STM32CubeIDE_1.19.0/STM32CubeIDE/plugins/com.st.stm32cube.ide.mcu.externaltools.gnu-tools-for-stm32.13.3.rel1.win32_1.0.0.202411081344/tools/bin/../lib/gcc/arm-none-eabi/13.3.1/../../../../arm-none-eabi/lib/thumb/v7e-m+fp/hard\libc_nano.a(libc_a-memmove.o)
 .debug_frame   0x00003818       0x2c D:/Program_Files/stm32cubeide/STM32CubeIDE_1.19.0/STM32CubeIDE/plugins/com.st.stm32cube.ide.mcu.externaltools.gnu-tools-for-stm32.13.3.rel1.win32_1.0.0.202411081344/tools/bin/../lib/gcc/arm-none-eabi/13.3.1/../../../../arm-none-eabi/lib/thumb/v7e-m+fp/hard\libc_nano.a(libc_a-sbrkr.o)
 .debug_frame   0x00003844       0x28 D:/Program_Files/stm32cubeide/STM32CubeIDE_1.19.0/STM32CubeIDE/plugins/com.st.stm32cube.ide.mcu.externaltools.gnu-tools-for-stm32.13.3.rel1.win32_1.0.0.202411081344/tools/bin/../lib/gcc/arm-none-eabi/13.3.1/../../../../arm-none-eabi/lib/thumb/v7e-m+fp/hard\libc_nano.a(libc_a-memcpy-stub.o)
 .debug_frame   0x0000386c       0x3c D:/Program_Files/stm32cubeide/STM32CubeIDE_1.19.0/STM32CubeIDE/plugins/com.st.stm32cube.ide.mcu.externaltools.gnu-tools-for-stm32.13.3.rel1.win32_1.0.0.202411081344/tools/bin/../lib/gcc/arm-none-eabi/13.3.1/../../../../arm-none-eabi/lib/thumb/v7e-m+fp/hard\libc_nano.a(libc_a-reallocr.o)
 .debug_frame   0x000038a8       0x20 D:/Program_Files/stm32cubeide/STM32CubeIDE_1.19.0/STM32CubeIDE/plugins/com.st.stm32cube.ide.mcu.externaltools.gnu-tools-for-stm32.13.3.rel1.win32_1.0.0.202411081344/tools/bin/../lib/gcc/arm-none-eabi/13.3.1/../../../../arm-none-eabi/lib/thumb/v7e-m+fp/hard\libc_nano.a(libc_a-msizer.o)
 .debug_frame   0x000038c8       0x2c D:/Program_Files/stm32cubeide/STM32CubeIDE_1.19.0/STM32CubeIDE/plugins/com.st.stm32cube.ide.mcu.externaltools.gnu-tools-for-stm32.13.3.rel1.win32_1.0.0.202411081344/tools/bin/../lib/gcc/arm-none-eabi/13.3.1/thumb/v7e-m+fp/hard\libgcc.a(_aeabi_uldivmod.o)
 .debug_frame   0x000038f4       0x34 D:/Program_Files/stm32cubeide/STM32CubeIDE_1.19.0/STM32CubeIDE/plugins/com.st.stm32cube.ide.mcu.externaltools.gnu-tools-for-stm32.13.3.rel1.win32_1.0.0.202411081344/tools/bin/../lib/gcc/arm-none-eabi/13.3.1/thumb/v7e-m+fp/hard\libgcc.a(_udivmoddi4.o)

.debug_line_str
                0x00000000       0x66
 .debug_line_str
                0x00000000       0x66 ./Core/Startup/startup_stm32f446retx.o
