../Core/Src/main.c:112:1:__io_putchar	1
../Core/Src/main.c:122:6:mPrint	3
../Core/Src/main.c:154:6:Print_AIRBAG_TX	1
../Core/Src/main.c:161:6:Send_Data_To_MAIN	3
../Core/Src/main.c:198:13:MEMS_WriteReg	1
../Core/Src/main.c:208:9:MEMS_ReadReg	1
../Core/Src/main.c:220:13:LIS3DSH_Init	1
../Core/Src/main.c:227:13:LIS3DSH_ReadAccel	1
../Core/Src/main.c:245:13:CAN_Filter_Config	1
../Core/Src/main.c:264:5:main	14
../Core/Src/main.c:437:6:SystemClock_Config	3
../Core/Src/main.c:484:13:MX_CAN1_Init	2
../Core/Src/main.c:521:13:MX_SPI1_Init	2
../Core/Src/main.c:559:13:MX_USART2_UART_Init	2
../Core/Src/main.c:592:13:MX_GPIO_Init	1
../Core/Src/main.c:665:6:Error_Handler	1
