../Core/Src/main.c:142:13:mPrint	24	static
../Core/Src/main.c:179:13:Print_ABS_TX	16	static
../Core/Src/main.c:189:17:Map_ADC_To_PWM	40	static
../Core/Src/main.c:222:13:Motor_Forward	16	static
../Core/Src/main.c:231:13:Motor_Reverse	16	static
../Core/Src/main.c:240:13:Motor_Stop	8	static
../Core/Src/main.c:249:13:Motor_Control_From_MAIN	16	static
../Core/Src/main.c:279:13:Encoder_Update	24	static
../Core/Src/main.c:309:13:Send_Data_To_MAIN	16	static
../Core/Src/main.c:333:6:HAL_CAN_RxFifo0MsgPendingCallback	24	static
../Core/Src/main.c:391:5:main	8	static
../Core/Src/main.c:516:6:SystemClock_Config	72	static
../Core/Src/main.c:556:13:MX_CAN_Init	8	static
../Core/Src/main.c:593:13:MX_TIM1_Init	80	static
../Core/Src/main.c:662:13:MX_TIM2_Init	56	static
../Core/Src/main.c:711:13:MX_USART2_UART_Init	8	static
../Core/Src/main.c:744:13:MX_GPIO_Init	40	static
../Core/Src/main.c:789:6:Error_Handler	4	static,ignoring_inline_asm
