../Core/Src/main.c:130:6:mPrint	3
../Core/Src/main.c:147:6:Read_Local_Inputs	3
../Core/Src/main.c:163:6:Send_Command_To_ABS	4
../Core/Src/main.c:228:6:HAL_CAN_RxFifo0MsgPendingCallback	8
../Core/Src/main.c:260:6:Update_Rear_LEDs	4
../Core/Src/main.c:284:6:Update_LCD	10
../Core/Src/main.c:354:5:main	7
../Core/Src/main.c:471:6:SystemClock_Config	3
../Core/Src/main.c:519:13:MX_ADC1_Init	3
../Core/Src/main.c:571:13:MX_CAN1_Init	2
../Core/Src/main.c:619:13:MX_I2C2_Init	2
../Core/Src/main.c:673:13:MX_USART2_UART_Init	2
../Core/Src/main.c:706:13:MX_GPIO_Init	1
../Core/Src/main.c:757:6:CAN1_RX0_IRQHandler	1
../Core/Src/main.c:767:6:Error_Handler	1
